Archive member included to satisfy reference by file (symbol)

../../../../../../../../components/proprietary_rf/gzll/gcc/gzll_nrf52840_sd_resources_gcc.a(nrf_gzll.c.o)
                              Output/Release/Obj/gzll_ack_payload_host_pca10056/main.o (nrf_gzll_init)
../../../../../../../../components/proprietary_rf/gzll/gcc/gzll_nrf52840_sd_resources_gcc.a(nrf_impala.c.o)
                              ../../../../../../../../components/proprietary_rf/gzll/gcc/gzll_nrf52840_sd_resources_gcc.a(nrf_gzll.c.o) (nrf_impl_pa_lna_cfg_set)
../../../../../../../../components/proprietary_rf/gzll/gcc/gzll_nrf52840_sd_resources_gcc.a(nrf_link_core.c.o)
                              ../../../../../../../../components/proprietary_rf/gzll/gcc/gzll_nrf52840_sd_resources_gcc.a(nrf_impala.c.o) (nrf_lcore_device_pa_control_setup)
../../../../../../../../components/proprietary_rf/gzll/gcc/gzll_nrf52840_sd_resources_gcc.a(nrf_notification_manager.c.o)
                              ../../../../../../../../components/proprietary_rf/gzll/gcc/gzll_nrf52840_sd_resources_gcc.a(nrf_impala.c.o) (nrf_nm_init)
../../../../../../../../components/proprietary_rf/gzll/gcc/gzll_nrf52840_sd_resources_gcc.a(nrf_packet_manager.c.o)
                              ../../../../../../../../components/proprietary_rf/gzll/gcc/gzll_nrf52840_sd_resources_gcc.a(nrf_impala.c.o) (nrf_pm_init)
../../../../../../../../components/proprietary_rf/gzll/gcc/gzll_nrf52840_sd_resources_gcc.a(nrf_state_machine.c.o)
                              ../../../../../../../../components/proprietary_rf/gzll/gcc/gzll_nrf52840_sd_resources_gcc.a(nrf_impala.c.o) (nrf_sm_init)
../../../../../../../../components/proprietary_rf/gzll/gcc/gzll_nrf52840_sd_resources_gcc.a(nrf_assert_internal.c.o)
                              ../../../../../../../../components/proprietary_rf/gzll/gcc/gzll_nrf52840_sd_resources_gcc.a(nrf_gzll.c.o) (nrf_assert_internal_parse_and_forward)
../../../../../../../../components/proprietary_rf/gzll/gcc/gzll_nrf52840_sd_resources_gcc.a(nrf_channel_manager.c.o)
                              ../../../../../../../../components/proprietary_rf/gzll/gcc/gzll_nrf52840_sd_resources_gcc.a(nrf_impala.c.o) (nrf_chm_init)
../../../../../../../../components/proprietary_rf/gzll/gcc/gzll_nrf52840_sd_resources_gcc.a(nrf_fifo.c.o)
                              ../../../../../../../../components/proprietary_rf/gzll/gcc/gzll_nrf52840_sd_resources_gcc.a(nrf_packet_manager.c.o) (nrf_fifo_init)
../../../../../../../../components/proprietary_rf/gzll/gcc/gzll_nrf52840_sd_resources_gcc.a(nrf_flywheel.c.o)
                              ../../../../../../../../components/proprietary_rf/gzll/gcc/gzll_nrf52840_sd_resources_gcc.a(nrf_impala.c.o) (nrf_flw_init)
/home/chris/arm_segger_embedded_studio_v534a_linux_x64_nordic/lib/libc_v7em_fpv4_sp_d16_hard_t_le_eabi.a(libc_asm.o)
                              Output/Release/Obj/gzll_ack_payload_host_pca10056/bsp.o (__aeabi_uldivmod)
/home/chris/arm_segger_embedded_studio_v534a_linux_x64_nordic/lib/libc_v7em_fpv4_sp_d16_hard_t_le_eabi.a(libc2.o)
                              Output/Release/Obj/gzll_ack_payload_host_pca10056/nrf_log_str_formatter.o (isprint)
/home/chris/arm_segger_embedded_studio_v534a_linux_x64_nordic/lib/libc_v7em_fpv4_sp_d16_hard_t_le_eabi.a(libc2_asm.o)
                              Output/Release/Obj/gzll_ack_payload_host_pca10056/nrf_log_frontend.o (memcpy)
/home/chris/arm_segger_embedded_studio_v534a_linux_x64_nordic/lib/libc_v7em_fpv4_sp_d16_hard_t_le_eabi.a(libvfprintf.o)
                              (__vfprintf_long)
/home/chris/arm_segger_embedded_studio_v534a_linux_x64_nordic/lib/libc_v7em_fpv4_sp_d16_hard_t_le_eabi.a(libvfscanf.o)
                              (__vfscanf_long)
/home/chris/arm_segger_embedded_studio_v534a_linux_x64_nordic/lib/libc_v7em_fpv4_sp_d16_hard_t_le_eabi.a(libc.o)
                              /home/chris/arm_segger_embedded_studio_v534a_linux_x64_nordic/lib/libc_v7em_fpv4_sp_d16_hard_t_le_eabi.a(libc2.o) (__heap_lock)
/home/chris/arm_segger_embedded_studio_v534a_linux_x64_nordic/lib/libdebugio_v7em_fpv4_sp_d16_hard_t_le_eabi.a(libdebugio.o)
                              Output/Release/Obj/gzll_ack_payload_host_pca10056/thumb_crt0.o (debug_fopen)
/home/chris/arm_segger_embedded_studio_v534a_linux_x64_nordic/lib/libdebugio_v7em_fpv4_sp_d16_hard_t_le_eabi.a(do_nv_debug_operation.o)
                              /home/chris/arm_segger_embedded_studio_v534a_linux_x64_nordic/lib/libdebugio_v7em_fpv4_sp_d16_hard_t_le_eabi.a(libdebugio.o) (__do_nvdebug_operation)
/home/chris/arm_segger_embedded_studio_v534a_linux_x64_nordic/lib/libdebugio_v7em_fpv4_sp_d16_hard_t_le_eabi.a(mempoll_debug_operations.o)
                              (__do_debug_operation_mempoll)
/home/chris/arm_segger_embedded_studio_v534a_linux_x64_nordic/lib/libm_v7em_fpv4_sp_d16_hard_t_le_eabi.a(libm_asm.o)
[...]
Memory Configuration

Name             Origin             Length             Attributes
UNPLACED_SECTIONS 0x0000000100000000 0x0000000000000000 xw
RAM1             0x0000000020000000 0x0000000000040000 xw
FLASH            0x0000000000000000 0x0000000000100000 xw
*default*        0x0000000000000000 0xffffffffffffffff

Linker script and memory map

                0x0000000000000000                __do_debug_operation = __do_debug_operation_mempoll
                0x0000000000000000                __vfprintf = __vfprintf_long
                0x0000000000000000                __vfscanf = __vfscanf_long
                0x0000000020000000                __RAM1_segment_start__ = 0x20000000
                0x0000000020040000                __RAM1_segment_end__ = 0x20040000
                0x0000000000040000                __RAM1_segment_size__ = 0x40000
                0x0000000000000000                __FLASH_segment_start__ = 0x0
                0x0000000000100000                __FLASH_segment_end__ = 0x100000
                0x0000000000100000                __FLASH_segment_size__ = 0x100000
                0x0000000000002000                __HEAPSIZE__ = 0x2000
                0x0000000000000000                __STACKSIZE_PROCESS__ = 0x0
                0x0000000000002000                __STACKSIZE__ = 0x2000
                0x0000000020000000                __vectors_ram_load_start__ = 0x20000000

.vectors_ram    0x0000000020000000        0x0
                0x0000000020000000                __vectors_ram_start__ = .
                0x0000000020000000                __app_ram_start__ = __vectors_ram_start__
 *(.vectors_ram .vectors_ram.*)
                0x0000000020000000                __vectors_ram_end__ = (__vectors_ram_start__ + SIZEOF (.vectors_ram))
                0x0000000000000000                __vectors_ram_size__ = SIZEOF (.vectors_ram)
                0x0000000020000000                __vectors_ram_load_end__ = __vectors_ram_end__
                0x0000000000000001                . = ASSERT (((__vectors_ram_start__ == __vectors_ram_end__) || ((__vectors_ram_end__ - __RAM1_segment_start__) <= __RAM1_segment_size__)), error: .vectors_ram is too large to fit in RAM1 memory segment)
                0x0000000020000000                __nrf_sections_run_load_start__ = ALIGN (__vectors_ram_end__, 0x4)

.nrf_sections_run
                0x0000000020000000        0x0
                0x0000000020000000                __nrf_sections_run_start__ = .
                0x0000000020000000                __start_nrf_sections_run = __nrf_sections_run_start__
 *(.nrf_sections_run .nrf_sections_run.*)
                0x0000000020000000                __nrf_sections_run_end__ = (__nrf_sections_run_start__ + SIZEOF (.nrf_sections_run))
                0x0000000000000000                __nrf_sections_run_size__ = SIZEOF (.nrf_sections_run)
                0x0000000020000000                __nrf_sections_run_load_end__ = __nrf_sections_run_end__
                0x0000000000000001                . = ASSERT (((__nrf_sections_run_start__ == __nrf_sections_run_end__) || ((__nrf_sections_run_end__ - __RAM1_segment_start__) <= __RAM1_segment_size__)), error: .nrf_sections_run is too large to fit in RAM1 memory segment)
                0x0000000000000000                __vectors_load_start__ = 0x0

.vectors        0x0000000000000000      0x200
                0x0000000000000000                __vectors_start__ = .
 *(.vectors .vectors.*)
 .vectors       0x0000000000000000      0x200 Output/Release/Obj/gzll_ack_payload_host_pca10056/ses_startup_nrf52840.o
                0x0000000000000000                _vectors
                0x0000000000000200                __vectors_end__ = (__vectors_start__ + SIZEOF (.vectors))
                0x0000000000000200                __vectors_size__ = SIZEOF (.vectors)
                0x0000000000000200                __vectors_load_end__ = __vectors_end__
                0x0000000000000001                . = ASSERT (((__vectors_start__ == __vectors_end__) || ((__vectors_end__ - __FLASH_segment_start__) <= __FLASH_segment_size__)), error: .vectors is too large to fit in FLASH memory segment)
                0x0000000000000200                __init_load_start__ = ALIGN (__vectors_end__, 0x4)

.init           0x0000000000000200      0x1d0
                0x0000000000000200                __init_start__ = .
 *(.init .init.*)
 .init          0x0000000000000200      0x15c Output/Release/Obj/gzll_ack_payload_host_pca10056/thumb_crt0.o
                0x0000000000000200                _start
                0x00000000000002b4                exit
 .init          0x000000000000035c       0x18 Output/Release/Obj/gzll_ack_payload_host_pca10056/ses_startup_nrf52840.o
                0x000000000000035c                NMI_Handler
                0x000000000000035e                HardFault_Handler
                0x0000000000000360                MemoryManagement_Handler
                0x0000000000000362                BusFault_Handler
                0x0000000000000364                UsageFault_Handler
                0x0000000000000366                SVC_Handler
                0x0000000000000368                DebugMon_Handler
                0x000000000000036a                PendSV_Handler
                0x000000000000036c                SysTick_Handler
                0x000000000000036e                TIMER2_IRQHandler
                0x000000000000036e                RTC0_IRQHandler
                0x000000000000036e                SWI0_EGU0_IRQHandler
                0x000000000000036e                SWI2_EGU2_IRQHandler
                0x000000000000036e                PWM1_IRQHandler
                0x000000000000036e                POWER_CLOCK_IRQHandler
                0x000000000000036e                PDM_IRQHandler
                0x000000000000036e                TEMP_IRQHandler
                0x000000000000036e                QDEC_IRQHandler
                0x000000000000036e                TIMER3_IRQHandler
                0x000000000000036e                PWM3_IRQHandler
                0x000000000000036e                FPU_IRQHandler
                0x000000000000036e                USBD_IRQHandler
                0x000000000000036e                SPIM0_SPIS0_TWIM0_TWIS0_SPI0_TWI0_IRQHandler
                0x000000000000036e                TIMER4_IRQHandler
                0x000000000000036e                CRYPTOCELL_IRQHandler
                0x000000000000036e                I2S_IRQHandler
                0x000000000000036e                SWI4_EGU4_IRQHandler
                0x000000000000036e                UARTE1_IRQHandler
                0x000000000000036e                Dummy_Handler
                0x000000000000036e                TIMER1_IRQHandler
                0x000000000000036e                SPIM3_IRQHandler
                0x000000000000036e                PWM2_IRQHandler
                0x000000000000036e                ECB_IRQHandler
                0x000000000000036e                SPIM1_SPIS1_TWIM1_TWIS1_SPI1_TWI1_IRQHandler
                0x000000000000036e                SAADC_IRQHandler
                0x000000000000036e                CCM_AAR_IRQHandler
                0x000000000000036e                WDT_IRQHandler
                0x000000000000036e                SWI5_EGU5_IRQHandler
                0x000000000000036e                RNG_IRQHandler
                0x000000000000036e                RTC2_IRQHandler
                0x000000000000036e                PWM0_IRQHandler
                0x000000000000036e                SWI3_EGU3_IRQHandler
                0x000000000000036e                SPIM2_SPIS2_SPI2_IRQHandler
                0x000000000000036e                NFCT_IRQHandler
                0x000000000000036e                MWU_IRQHandler
                0x000000000000036e                QSPI_IRQHandler
                0x000000000000036e                COMP_LPCOMP_IRQHandler
                0x0000000000000370                nRFInitialize
 .init          0x0000000000000374       0x5c Output/Release/Obj/gzll_ack_payload_host_pca10056/ses_startup_nrf_common.o
                0x0000000000000374                Reset_Handler
                0x0000000000000378                afterInitialize
                0x000000000000039c                InitializeUserMemorySections
                0x00000000000003d0                __init_end__ = (__init_start__ + SIZEOF (.init))
                0x00000000000001d0                __init_size__ = SIZEOF (.init)
                0x00000000000003d0                __init_load_end__ = __init_end__
                0x0000000000000001                . = ASSERT (((__init_start__ == __init_end__) || ((__init_end__ - __FLASH_segment_start__) <= __FLASH_segment_size__)), error: .init is too large to fit in FLASH memory segment)
                0x00000000000003d0                __init_rodata_load_start__ = ALIGN (__init_end__, 0x4)

.init_rodata    0x00000000000003d0        0x0
                0x00000000000003d0                __init_rodata_start__ = .
 *(.init_rodata .init_rodata.*)
                0x00000000000003d0                __init_rodata_end__ = (__init_rodata_start__ + SIZEOF (.init_rodata))
                0x0000000000000000                __init_rodata_size__ = SIZEOF (.init_rodata)
                0x00000000000003d0                __init_rodata_load_end__ = __init_rodata_end__
                0x0000000000000001                . = ASSERT (((__init_rodata_start__ == __init_rodata_end__) || ((__init_rodata_end__ - __FLASH_segment_start__) <= __FLASH_segment_size__)), error: .init_rodata is too large to fit in FLASH memory segment)
                0x00000000000003d0                __text_load_start__ = ALIGN (__init_rodata_end__, 0x4)

.text           0x00000000000003d0     0x7156
                0x00000000000003d0                __text_start__ = .
 *(.text .text.* .glue_7t .glue_7 .gnu.linkonce.t.* .gcc_except_table .ARM.extab* .gnu.linkonce.armextab.*)
 .glue_7        0x00000000000003d0        0x0 linker stubs
 .glue_7t       0x00000000000003d0        0x0 linker stubs
 .text.nrf_log_backend_serial_put
                0x00000000000003d0       0xc2 Output/Release/Obj/gzll_ack_payload_host_pca10056/nrf_log_backend_serial.o
                0x00000000000003d0                nrf_log_backend_serial_put
 *fill*         0x0000000000000492        0x2 
 .text.uart_evt_handler
                0x0000000000000494        0xc Output/Release/Obj/gzll_ack_payload_host_pca10056/nrf_log_backend_uart.o
 .text.nrf_log_backend_uart_flush
                0x00000000000004a0        0x2 Output/Release/Obj/gzll_ack_payload_host_pca10056/nrf_log_backend_uart.o
 *fill*         0x00000000000004a2        0x2 
 .text.uart_init
                0x00000000000004a4       0x4c Output/Release/Obj/gzll_ack_payload_host_pca10056/nrf_log_backend_uart.o
 .text.nrf_log_backend_uart_put
                0x00000000000004f0       0x1c Output/Release/Obj/gzll_ack_payload_host_pca10056/nrf_log_backend_uart.o
 .text.serial_tx
                0x000000000000050c       0x48 Output/Release/Obj/gzll_ack_payload_host_pca10056/nrf_log_backend_uart.o
 .text.nrf_log_backend_uart_panic_set
                0x0000000000000554       0x2c Output/Release/Obj/gzll_ack_payload_host_pca10056/nrf_log_backend_uart.o
 .text.nrf_log_backend_uart_init
                0x0000000000000580        0x6 Output/Release/Obj/gzll_ack_payload_host_pca10056/nrf_log_backend_uart.o
                0x0000000000000580                nrf_log_backend_uart_init
 *fill*         0x0000000000000586        0x2 
 .text.nrf_log_default_backends_init
                0x0000000000000588       0x20 Output/Release/Obj/gzll_ack_payload_host_pca10056/nrf_log_default_backends.o
                0x0000000000000588                nrf_log_default_backends_init
 .text.invalid_packets_omit
                0x00000000000005a8       0x3a Output/Release/Obj/gzll_ack_payload_host_pca10056/nrf_log_frontend.o
 *fill*         0x00000000000005e2        0x2 
 .text.buf_prealloc
                0x00000000000005e4      0x11c Output/Release/Obj/gzll_ack_payload_host_pca10056/nrf_log_frontend.o
 .text.nrf_log_init
                0x0000000000000700       0x28 Output/Release/Obj/gzll_ack_payload_host_pca10056/nrf_log_frontend.o
                0x0000000000000700                nrf_log_init
 .text.nrf_log_module_name_get
                0x0000000000000728       0x38 Output/Release/Obj/gzll_ack_payload_host_pca10056/nrf_log_frontend.o
                0x0000000000000728                nrf_log_module_name_get
 .text.nrf_log_color_id_get
                0x0000000000000760       0x2c Output/Release/Obj/gzll_ack_payload_host_pca10056/nrf_log_frontend.o
                0x0000000000000760                nrf_log_color_id_get
 .text.buffer_is_empty
                0x000000000000078c       0x14 Output/Release/Obj/gzll_ack_payload_host_pca10056/nrf_log_frontend.o
                0x000000000000078c                buffer_is_empty
 .text.nrf_log_frontend_dequeue
                0x00000000000007a0      0x200 Output/Release/Obj/gzll_ack_payload_host_pca10056/nrf_log_frontend.o
                0x00000000000007a0                nrf_log_frontend_dequeue
 .text.std_n    0x00000000000009a0       0x8c Output/Release/Obj/gzll_ack_payload_host_pca10056/nrf_log_frontend.o
 .text.nrf_log_frontend_std_0
                0x0000000000000a2c        0x8 Output/Release/Obj/gzll_ack_payload_host_pca10056/nrf_log_frontend.o
                0x0000000000000a2c                nrf_log_frontend_std_0
 .text.nrf_log_frontend_std_1
                0x0000000000000a34       0x12 Output/Release/Obj/gzll_ack_payload_host_pca10056/nrf_log_frontend.o
                0x0000000000000a34                nrf_log_frontend_std_1
 .text.nrf_log_frontend_std_3
                0x0000000000000a46       0x18 Output/Release/Obj/gzll_ack_payload_host_pca10056/nrf_log_frontend.o
                0x0000000000000a46                nrf_log_frontend_std_3
 *fill*         0x0000000000000a5e        0x2 
 .text.nrf_log_backend_add
                0x0000000000000a60       0x44 Output/Release/Obj/gzll_ack_payload_host_pca10056/nrf_log_frontend.o
                0x0000000000000a60                nrf_log_backend_add
 .text.nrf_log_panic
                0x0000000000000aa4       0x28 Output/Release/Obj/gzll_ack_payload_host_pca10056/nrf_log_frontend.o
                0x0000000000000aa4                nrf_log_panic
 .text.prefix_process
                0x0000000000000acc       0x7c Output/Release/Obj/gzll_ack_payload_host_pca10056/nrf_log_str_formatter.o
 .text.postfix_process
                0x0000000000000b48       0x44 Output/Release/Obj/gzll_ack_payload_host_pca10056/nrf_log_str_formatter.o
 .text.nrf_log_std_entry_process
                0x0000000000000b8c       0xc8 Output/Release/Obj/gzll_ack_payload_host_pca10056/nrf_log_str_formatter.o
                0x0000000000000b8c                nrf_log_std_entry_process
 .text.nrf_log_hexdump_entry_process
                0x0000000000000c54       0xb8 Output/Release/Obj/gzll_ack_payload_host_pca10056/nrf_log_str_formatter.o
                0x0000000000000c54                nrf_log_hexdump_entry_process
 .text.bsp_board_led_state_get
                0x0000000000000d0c       0x28 Output/Release/Obj/gzll_ack_payload_host_pca10056/boards.o
                0x0000000000000d0c                bsp_board_led_state_get
 .text.bsp_board_led_on
                0x0000000000000d34       0x28 Output/Release/Obj/gzll_ack_payload_host_pca10056/boards.o
                0x0000000000000d34                bsp_board_led_on
 .text.bsp_board_led_off
                0x0000000000000d5c       0x28 Output/Release/Obj/gzll_ack_payload_host_pca10056/boards.o
                0x0000000000000d5c                bsp_board_led_off
 .text.bsp_board_leds_off
                0x0000000000000d84       0x1e Output/Release/Obj/gzll_ack_payload_host_pca10056/boards.o
                0x0000000000000d84                bsp_board_leds_off
 .text.bsp_board_leds_on
                0x0000000000000da2       0x1e Output/Release/Obj/gzll_ack_payload_host_pca10056/boards.o
                0x0000000000000da2                bsp_board_leds_on
 .text.bsp_board_led_invert
                0x0000000000000dc0       0x34 Output/Release/Obj/gzll_ack_payload_host_pca10056/boards.o
                0x0000000000000dc0                bsp_board_led_invert
 .text.bsp_board_button_state_get
                0x0000000000000df4       0x28 Output/Release/Obj/gzll_ack_payload_host_pca10056/boards.o
                0x0000000000000df4                bsp_board_button_state_get
 .text.bsp_board_pin_to_button_idx
                0x0000000000000e1c       0x24 Output/Release/Obj/gzll_ack_payload_host_pca10056/boards.o
                0x0000000000000e1c                bsp_board_pin_to_button_idx
 .text.bsp_board_init
                0x0000000000000e40       0x3e Output/Release/Obj/gzll_ack_payload_host_pca10056/boards.o
                0x0000000000000e40                bsp_board_init
 *fill*         0x0000000000000e7e        0x2 
 .text.state_set
                0x0000000000000e80       0x24 Output/Release/Obj/gzll_ack_payload_host_pca10056/app_button.o
 .text.button_get
                0x0000000000000ea4       0x30 Output/Release/Obj/gzll_ack_payload_host_pca10056/app_button.o
 .text.usr_event
                0x0000000000000ed4       0x20 Output/Release/Obj/gzll_ack_payload_host_pca10056/app_button.o
 .text.timer_start
                0x0000000000000ef4       0x18 Output/Release/Obj/gzll_ack_payload_host_pca10056/app_button.o
 .text.gpiote_event_handler
                0x0000000000000f0c       0x34 Output/Release/Obj/gzll_ack_payload_host_pca10056/app_button.o
 .text.evt_handle
                0x0000000000000f40       0xd8 Output/Release/Obj/gzll_ack_payload_host_pca10056/app_button.o
                0x0000000000000f40                evt_handle
 .text.detection_delay_timeout_handler
                0x0000000000001018       0x5c Output/Release/Obj/gzll_ack_payload_host_pca10056/app_button.o
 .text.app_button_init
                0x0000000000001074       0xb0 Output/Release/Obj/gzll_ack_payload_host_pca10056/app_button.o
                0x0000000000001074                app_button_init
 .text.app_button_enable
                0x0000000000001124       0x2c Output/Release/Obj/gzll_ack_payload_host_pca10056/app_button.o
                0x0000000000001124                app_button_enable
 .text.app_error_handler_bare
                0x0000000000001150       0x1a Output/Release/Obj/gzll_ack_payload_host_pca10056/app_error.o
                0x0000000000001150                app_error_handler_bare
 *fill*         0x000000000000116a        0x2 
 .text.app_error_fault_handler
                0x000000000000116c       0x6c Output/Release/Obj/gzll_ack_payload_host_pca10056/app_error_weak.o
                0x000000000000116c                app_error_fault_handler
 .text.compare_func
                0x00000000000011d8       0x18 Output/Release/Obj/gzll_ack_payload_host_pca10056/app_timer2.o
 .text.get_now  0x00000000000011f0       0x38 Output/Release/Obj/gzll_ack_payload_host_pca10056/app_timer2.o
 .text.timer_req_schedule
                0x0000000000001228       0x38 Output/Release/Obj/gzll_ack_payload_host_pca10056/app_timer2.o
 .text.timer_expire
                0x0000000000001260       0x6c Output/Release/Obj/gzll_ack_payload_host_pca10056/app_timer2.o
 .text.app_timer_init
                0x00000000000012cc       0x64 Output/Release/Obj/gzll_ack_payload_host_pca10056/app_timer2.o
                0x00000000000012cc                app_timer_init
 .text.app_timer_create
                0x0000000000001330       0x16 Output/Release/Obj/gzll_ack_payload_host_pca10056/app_timer2.o
                0x0000000000001330                app_timer_create
 .text.app_timer_start
                0x0000000000001346       0x30 Output/Release/Obj/gzll_ack_payload_host_pca10056/app_timer2.o
                0x0000000000001346                app_timer_start
 .text.app_timer_stop
                0x0000000000001376        0xc Output/Release/Obj/gzll_ack_payload_host_pca10056/app_timer2.o
                0x0000000000001376                app_timer_stop
 *fill*         0x0000000000001382        0x2 
 .text.app_timer_cnt_get
                0x0000000000001384        0xc Output/Release/Obj/gzll_ack_payload_host_pca10056/app_timer2.o
                0x0000000000001384                app_timer_cnt_get
 .text.rtc_irq  0x0000000000001390      0x190 Output/Release/Obj/gzll_ack_payload_host_pca10056/app_timer2.o
 .text.app_util_disable_irq
                0x0000000000001520       0x10 Output/Release/Obj/gzll_ack_payload_host_pca10056/app_util_platform.o
                0x0000000000001520                app_util_disable_irq
 .text.app_util_enable_irq
                0x0000000000001530       0x14 Output/Release/Obj/gzll_ack_payload_host_pca10056/app_util_platform.o
                0x0000000000001530                app_util_enable_irq
 .text.app_util_critical_region_enter
                0x0000000000001544        0x4 Output/Release/Obj/gzll_ack_payload_host_pca10056/app_util_platform.o
                0x0000000000001544                app_util_critical_region_enter
 .text.app_util_critical_region_exit
                0x0000000000001548        0x4 Output/Release/Obj/gzll_ack_payload_host_pca10056/app_util_platform.o
                0x0000000000001548                app_util_critical_region_exit
 .text.evt_pending.isra.0
                0x000000000000154c       0x1a Output/Release/Obj/gzll_ack_payload_host_pca10056/drv_rtc.o
 *fill*         0x0000000000001566        0x2 
 .text.drv_rtc_init
                0x0000000000001568       0xa4 Output/Release/Obj/gzll_ack_payload_host_pca10056/drv_rtc.o
                0x0000000000001568                drv_rtc_init
 .text.drv_rtc_start
                0x000000000000160c        0x8 Output/Release/Obj/gzll_ack_payload_host_pca10056/drv_rtc.o
                0x000000000000160c                drv_rtc_start
 .text.drv_rtc_stop
                0x0000000000001614        0x8 Output/Release/Obj/gzll_ack_payload_host_pca10056/drv_rtc.o
                0x0000000000001614                drv_rtc_stop
 .text.drv_rtc_compare_set
                0x000000000000161c       0x3e Output/Release/Obj/gzll_ack_payload_host_pca10056/drv_rtc.o
                0x000000000000161c                drv_rtc_compare_set
 *fill*         0x000000000000165a        0x2 
 .text.drv_rtc_windowed_compare_set
                0x000000000000165c       0xf0 Output/Release/Obj/gzll_ack_payload_host_pca10056/drv_rtc.o
                0x000000000000165c                drv_rtc_windowed_compare_set
 .text.drv_rtc_overflow_enable
                0x000000000000174c       0x10 Output/Release/Obj/gzll_ack_payload_host_pca10056/drv_rtc.o
                0x000000000000174c                drv_rtc_overflow_enable
 .text.drv_rtc_overflow_pending
                0x000000000000175c        0xa Output/Release/Obj/gzll_ack_payload_host_pca10056/drv_rtc.o
                0x000000000000175c                drv_rtc_overflow_pending
 .text.drv_rtc_compare_disable
                0x0000000000001766       0x14 Output/Release/Obj/gzll_ack_payload_host_pca10056/drv_rtc.o
                0x0000000000001766                drv_rtc_compare_disable
 .text.drv_rtc_compare_pending
                0x000000000000177a        0xc Output/Release/Obj/gzll_ack_payload_host_pca10056/drv_rtc.o
                0x000000000000177a                drv_rtc_compare_pending
 .text.drv_rtc_counter_get
                0x0000000000001786        0x8 Output/Release/Obj/gzll_ack_payload_host_pca10056/drv_rtc.o
                0x0000000000001786                drv_rtc_counter_get
 *fill*         0x000000000000178e        0x2 
 .text.drv_rtc_irq_trigger
                0x0000000000001790       0x24 Output/Release/Obj/gzll_ack_payload_host_pca10056/drv_rtc.o
                0x0000000000001790                drv_rtc_irq_trigger
 .text.RTC1_IRQHandler
                0x00000000000017b4       0x14 Output/Release/Obj/gzll_ack_payload_host_pca10056/drv_rtc.o
                0x00000000000017b4                RTC1_IRQHandler
 .text.nrf_atfifo_init
                0x00000000000017c8       0x26 Output/Release/Obj/gzll_ack_payload_host_pca10056/nrf_atfifo.o
                0x00000000000017c8                nrf_atfifo_init
 .text.nrf_atfifo_item_alloc
                0x00000000000017ee       0x54 Output/Release/Obj/gzll_ack_payload_host_pca10056/nrf_atfifo.o
                0x00000000000017ee                nrf_atfifo_item_alloc
 .text.nrf_atfifo_item_put
                0x0000000000001842       0x20 Output/Release/Obj/gzll_ack_payload_host_pca10056/nrf_atfifo.o
                0x0000000000001842                nrf_atfifo_item_put
 .text.nrf_atfifo_item_get
                0x0000000000001862       0x56 Output/Release/Obj/gzll_ack_payload_host_pca10056/nrf_atfifo.o
                0x0000000000001862                nrf_atfifo_item_get
 .text.nrf_atfifo_item_free
                0x00000000000018b8       0x20 Output/Release/Obj/gzll_ack_payload_host_pca10056/nrf_atfifo.o
                0x00000000000018b8                nrf_atfifo_item_free
 .text.nrf_atomic_u32_fetch_store
                0x00000000000018d8       0x16 Output/Release/Obj/gzll_ack_payload_host_pca10056/nrf_atomic.o
                0x00000000000018d8                nrf_atomic_u32_fetch_store
 .text.nrf_atomic_u32_or
                0x00000000000018ee       0x18 Output/Release/Obj/gzll_ack_payload_host_pca10056/nrf_atomic.o
                0x00000000000018ee                nrf_atomic_u32_or
 .text.nrf_atomic_u32_fetch_and
                0x0000000000001906       0x18 Output/Release/Obj/gzll_ack_payload_host_pca10056/nrf_atomic.o
                0x0000000000001906                nrf_atomic_u32_fetch_and
 .text.nrf_atomic_u32_add
                0x000000000000191e       0x18 Output/Release/Obj/gzll_ack_payload_host_pca10056/nrf_atomic.o
                0x000000000000191e                nrf_atomic_u32_add
 .text.nrf_atomic_u32_sub
                0x0000000000001936       0x18 Output/Release/Obj/gzll_ack_payload_host_pca10056/nrf_atomic.o
                0x0000000000001936                nrf_atomic_u32_sub
 .text.nrf_atomic_flag_set
                0x000000000000194e        0x6 Output/Release/Obj/gzll_ack_payload_host_pca10056/nrf_atomic.o
                0x000000000000194e                nrf_atomic_flag_set
 .text.nrf_atomic_flag_clear_fetch
                0x0000000000001954        0x6 Output/Release/Obj/gzll_ack_payload_host_pca10056/nrf_atomic.o
                0x0000000000001954                nrf_atomic_flag_clear_fetch
 .text.nrf_balloc_init
                0x000000000000195a       0x2e Output/Release/Obj/gzll_ack_payload_host_pca10056/nrf_balloc.o
                0x000000000000195a                nrf_balloc_init
 .text.nrf_balloc_alloc
                0x0000000000001988       0x40 Output/Release/Obj/gzll_ack_payload_host_pca10056/nrf_balloc.o
                0x0000000000001988                nrf_balloc_alloc
 .text.nrf_balloc_free
                0x00000000000019c8       0x2a Output/Release/Obj/gzll_ack_payload_host_pca10056/nrf_balloc.o
                0x00000000000019c8                nrf_balloc_free
 .text.nrf_fprintf_buffer_flush
                0x00000000000019f2       0x16 Output/Release/Obj/gzll_ack_payload_host_pca10056/nrf_fprintf.o
                0x00000000000019f2                nrf_fprintf_buffer_flush
 .text.nrf_fprintf
                0x0000000000001a08       0x1c Output/Release/Obj/gzll_ack_payload_host_pca10056/nrf_fprintf.o
                0x0000000000001a08                nrf_fprintf
 .text.buffer_add
                0x0000000000001a24       0x2e Output/Release/Obj/gzll_ack_payload_host_pca10056/nrf_fprintf_format.o
 *fill*         0x0000000000001a52        0x2 
 .text.unsigned_print
                0x0000000000001a54       0xb4 Output/Release/Obj/gzll_ack_payload_host_pca10056/nrf_fprintf_format.o
 .text.nrf_fprintf_fmt
                0x0000000000001b08      0x294 Output/Release/Obj/gzll_ack_payload_host_pca10056/nrf_fprintf_format.o
                0x0000000000001b08                nrf_fprintf_fmt
 .text.memobj_op
                0x0000000000001d9c       0x86 Output/Release/Obj/gzll_ack_payload_host_pca10056/nrf_memobj.o
 .text.nrf_memobj_pool_init
                0x0000000000001e22        0x4 Output/Release/Obj/gzll_ack_payload_host_pca10056/nrf_memobj.o
                0x0000000000001e22                nrf_memobj_pool_init
 .text.nrf_memobj_free
                0x0000000000001e26       0x2c Output/Release/Obj/gzll_ack_payload_host_pca10056/nrf_memobj.o
                0x0000000000001e26                nrf_memobj_free
 .text.nrf_memobj_alloc
                0x0000000000001e52       0x5e Output/Release/Obj/gzll_ack_payload_host_pca10056/nrf_memobj.o
                0x0000000000001e52                nrf_memobj_alloc
 .text.nrf_memobj_get
                0x0000000000001eb0        0x8 Output/Release/Obj/gzll_ack_payload_host_pca10056/nrf_memobj.o
                0x0000000000001eb0                nrf_memobj_get
 .text.nrf_memobj_put
                0x0000000000001eb8       0x1c Output/Release/Obj/gzll_ack_payload_host_pca10056/nrf_memobj.o
                0x0000000000001eb8                nrf_memobj_put
 .text.nrf_memobj_write
                0x0000000000001ed4       0x14 Output/Release/Obj/gzll_ack_payload_host_pca10056/nrf_memobj.o
                0x0000000000001ed4                nrf_memobj_write
 .text.nrf_memobj_read
                0x0000000000001ee8       0x14 Output/Release/Obj/gzll_ack_payload_host_pca10056/nrf_memobj.o
                0x0000000000001ee8                nrf_memobj_read
 .text.nrf_ringbuf_init
                0x0000000000001efc       0x12 Output/Release/Obj/gzll_ack_payload_host_pca10056/nrf_ringbuf.o
                0x0000000000001efc                nrf_ringbuf_init
 .text.nrf_sortlist_add
                0x0000000000001f0e       0x20 Output/Release/Obj/gzll_ack_payload_host_pca10056/nrf_sortlist.o
                0x0000000000001f0e                nrf_sortlist_add
 .text.nrf_sortlist_pop
                0x0000000000001f2e        0xc Output/Release/Obj/gzll_ack_payload_host_pca10056/nrf_sortlist.o
                0x0000000000001f2e                nrf_sortlist_pop
 .text.nrf_sortlist_peek
                0x0000000000001f3a        0x6 Output/Release/Obj/gzll_ack_payload_host_pca10056/nrf_sortlist.o
                0x0000000000001f3a                nrf_sortlist_peek
 .text.nrf_sortlist_remove
                0x0000000000001f40       0x1a Output/Release/Obj/gzll_ack_payload_host_pca10056/nrf_sortlist.o
                0x0000000000001f40                nrf_sortlist_remove
 *fill*         0x0000000000001f5a        0x2 
 .text.uarte_evt_handler
                0x0000000000001f5c       0x34 Output/Release/Obj/gzll_ack_payload_host_pca10056/nrf_drv_uart.o
 .text.uart_evt_handler
                0x0000000000001f90       0x34 Output/Release/Obj/gzll_ack_payload_host_pca10056/nrf_drv_uart.o
 .text.nrf_drv_uart_init
                0x0000000000001fc4       0x7c Output/Release/Obj/gzll_ack_payload_host_pca10056/nrf_drv_uart.o
                0x0000000000001fc4                nrf_drv_uart_init
 .text.nrf_gpiote_event_clear
                0x0000000000002040       0x18 Output/Release/Obj/gzll_ack_payload_host_pca10056/nrfx_gpiote.o
 .text.nrf_gpio_pin_port_decode
                0x0000000000002058       0x18 Output/Release/Obj/gzll_ack_payload_host_pca10056/nrfx_gpiote.o
 .text.nrf_gpio_cfg_sense_set
                0x0000000000002070       0x2e Output/Release/Obj/gzll_ack_payload_host_pca10056/nrfx_gpiote.o
 *fill*         0x000000000000209e        0x2 
 .text.channel_free
                0x00000000000020a0       0x1c Output/Release/Obj/gzll_ack_payload_host_pca10056/nrfx_gpiote.o
 .text.nrfx_gpiote_init
                0x00000000000020bc       0x8c Output/Release/Obj/gzll_ack_payload_host_pca10056/nrfx_gpiote.o
                0x00000000000020bc                nrfx_gpiote_init
 .text.nrfx_gpiote_is_init
                0x0000000000002148       0x14 Output/Release/Obj/gzll_ack_payload_host_pca10056/nrfx_gpiote.o
                0x0000000000002148                nrfx_gpiote_is_init
 .text.nrfx_gpiote_in_init
                0x000000000000215c      0x100 Output/Release/Obj/gzll_ack_payload_host_pca10056/nrfx_gpiote.o
                0x000000000000215c                nrfx_gpiote_in_init
 .text.nrfx_gpiote_in_event_enable
                0x000000000000225c       0x9c Output/Release/Obj/gzll_ack_payload_host_pca10056/nrfx_gpiote.o
                0x000000000000225c                nrfx_gpiote_in_event_enable
 .text.nrfx_gpiote_in_is_set
                0x00000000000022f8       0x1c Output/Release/Obj/gzll_ack_payload_host_pca10056/nrfx_gpiote.o
                0x00000000000022f8                nrfx_gpiote_in_is_set
 .text.GPIOTE_IRQHandler
                0x0000000000002314      0x17c Output/Release/Obj/gzll_ack_payload_host_pca10056/nrfx_gpiote.o
                0x0000000000002314                GPIOTE_IRQHandler
 .text.UARTE0_UART0_IRQHandler
                0x0000000000002490        0xc Output/Release/Obj/gzll_ack_payload_host_pca10056/nrfx_prs.o
                0x0000000000002490                UARTE0_UART0_IRQHandler
 .text.nrfx_prs_acquire
                0x000000000000249c       0x38 Output/Release/Obj/gzll_ack_payload_host_pca10056/nrfx_prs.o
                0x000000000000249c                nrfx_prs_acquire
 .text.nrfx_prs_release
                0x00000000000024d4       0x18 Output/Release/Obj/gzll_ack_payload_host_pca10056/nrfx_prs.o
                0x00000000000024d4                nrfx_prs_release
 .text.nrf_uart_event_clear
                0x00000000000024ec       0x10 Output/Release/Obj/gzll_ack_payload_host_pca10056/nrfx_uart.o
 .text.tx_byte  0x00000000000024fc       0x1e Output/Release/Obj/gzll_ack_payload_host_pca10056/nrfx_uart.o
 .text.rx_byte  0x000000000000251a       0x2c Output/Release/Obj/gzll_ack_payload_host_pca10056/nrfx_uart.o
 *fill*         0x0000000000002546        0x2 
 .text.rx_done_event.constprop.0
                0x0000000000002548       0x20 Output/Release/Obj/gzll_ack_payload_host_pca10056/nrfx_uart.o
 .text.nrfx_uart_0_irq_handler
                0x0000000000002568      0x140 Output/Release/Obj/gzll_ack_payload_host_pca10056/nrfx_uart.o
                0x0000000000002568                nrfx_uart_0_irq_handler
 .text.nrf_gpio_cfg_default
                0x00000000000026a8       0x20 Output/Release/Obj/gzll_ack_payload_host_pca10056/nrfx_uart.o
 .text.nrfx_uart_init
                0x00000000000026c8      0x1a0 Output/Release/Obj/gzll_ack_payload_host_pca10056/nrfx_uart.o
                0x00000000000026c8                nrfx_uart_init
 .text.nrfx_uart_uninit
                0x0000000000002868       0xb8 Output/Release/Obj/gzll_ack_payload_host_pca10056/nrfx_uart.o
                0x0000000000002868                nrfx_uart_uninit
 .text.nrfx_uart_tx_in_progress
                0x0000000000002920       0x18 Output/Release/Obj/gzll_ack_payload_host_pca10056/nrfx_uart.o
                0x0000000000002920                nrfx_uart_tx_in_progress
 .text.nrfx_uart_tx
                0x0000000000002938       0xa0 Output/Release/Obj/gzll_ack_payload_host_pca10056/nrfx_uart.o
                0x0000000000002938                nrfx_uart_tx
 .text.nrf_uarte_event_clear
                0x00000000000029d8       0x10 Output/Release/Obj/gzll_ack_payload_host_pca10056/nrfx_uarte.o
 .text.rx_done_event.constprop.0
                0x00000000000029e8       0x20 Output/Release/Obj/gzll_ack_payload_host_pca10056/nrfx_uarte.o
 .text.nrfx_uarte_0_irq_handler
                0x0000000000002a08      0x118 Output/Release/Obj/gzll_ack_payload_host_pca10056/nrfx_uarte.o
                0x0000000000002a08                nrfx_uarte_0_irq_handler
 .text.nrf_gpio_cfg_default
                0x0000000000002b20       0x20 Output/Release/Obj/gzll_ack_payload_host_pca10056/nrfx_uarte.o
 .text.nrfx_uarte_init
                0x0000000000002b40      0x1b8 Output/Release/Obj/gzll_ack_payload_host_pca10056/nrfx_uarte.o
                0x0000000000002b40                nrfx_uarte_init
 .text.nrfx_uarte_uninit
                0x0000000000002cf8      0x108 Output/Release/Obj/gzll_ack_payload_host_pca10056/nrfx_uarte.o
                0x0000000000002cf8                nrfx_uarte_uninit
 .text.nrfx_uarte_tx_in_progress
                0x0000000000002e00       0x18 Output/Release/Obj/gzll_ack_payload_host_pca10056/nrfx_uarte.o
                0x0000000000002e00                nrfx_uarte_tx_in_progress
 .text.nrfx_uarte_tx
                0x0000000000002e18       0x9c Output/Release/Obj/gzll_ack_payload_host_pca10056/nrfx_uarte.o
                0x0000000000002e18                nrfx_uarte_tx
 .text.alert_timer_handler
                0x0000000000002eb4        0x6 Output/Release/Obj/gzll_ack_payload_host_pca10056/bsp.o
 *fill*         0x0000000000002eba        0x2 
 .text.bsp_button_event_handler
                0x0000000000002ebc       0x9c Output/Release/Obj/gzll_ack_payload_host_pca10056/bsp.o
 .text.button_timer_handler
                0x0000000000002f58        0x8 Output/Release/Obj/gzll_ack_payload_host_pca10056/bsp.o
 .text.leds_off
                0x0000000000002f60       0x2c Output/Release/Obj/gzll_ack_payload_host_pca10056/bsp.o
 .text.bsp_led_indication
                0x0000000000002f8c      0x200 Output/Release/Obj/gzll_ack_payload_host_pca10056/bsp.o
 .text.leds_timer_handler
                0x000000000000318c       0x1c Output/Release/Obj/gzll_ack_payload_host_pca10056/bsp.o
 .text.bsp_button_is_pressed
                0x00000000000031a8        0xc Output/Release/Obj/gzll_ack_payload_host_pca10056/bsp.o
                0x00000000000031a8                bsp_button_is_pressed
 .text.bsp_init
                0x00000000000031b4       0x9c Output/Release/Obj/gzll_ack_payload_host_pca10056/bsp.o
                0x00000000000031b4                bsp_init
 .text.input_get
                0x0000000000003250       0x24 Output/Release/Obj/gzll_ack_payload_host_pca10056/main.o
 .text.nrf_gzll_host_rx_data_ready
                0x0000000000003274       0x8c Output/Release/Obj/gzll_ack_payload_host_pca10056/main.o
                0x0000000000003274                nrf_gzll_host_rx_data_ready
 .text.nrf_gzll_device_tx_success
                0x0000000000003300        0xc Output/Release/Obj/gzll_ack_payload_host_pca10056/main.o
                0x0000000000003300                nrf_gzll_device_tx_success
 .text.nrf_gzll_device_tx_failed
                0x000000000000330c        0xc Output/Release/Obj/gzll_ack_payload_host_pca10056/main.o
                0x000000000000330c                nrf_gzll_device_tx_failed
 .text.nrf_gzll_disabled
                0x0000000000003318        0x2 Output/Release/Obj/gzll_ack_payload_host_pca10056/main.o
                0x0000000000003318                nrf_gzll_disabled
 *fill*         0x000000000000331a        0x2 
 .text.startup.main
                0x000000000000331c      0x168 Output/Release/Obj/gzll_ack_payload_host_pca10056/main.o
                0x000000000000331c                main
 .text.nrf52_errata_36
                0x0000000000003484       0x12 Output/Release/Obj/gzll_ack_payload_host_pca10056/system_nrf52840.o
 *fill*         0x0000000000003496        0x2 
 .text.nrf52_errata_98
                0x0000000000003498       0x24 Output/Release/Obj/gzll_ack_payload_host_pca10056/system_nrf52840.o
 .text.SystemInit
                0x00000000000034bc      0x1d4 Output/Release/Obj/gzll_ack_payload_host_pca10056/system_nrf52840.o
                0x00000000000034bc                SystemInit
 .text.nrf_gzll_init
                0x0000000000003690      0x124 ../../../../../../../../components/proprietary_rf/gzll/gcc/gzll_nrf52840_sd_resources_gcc.a(nrf_gzll.c.o)
                0x0000000000003690                nrf_gzll_init
 .text.nrf_gzll_enable
                0x00000000000037b4       0x20 ../../../../../../../../components/proprietary_rf/gzll/gcc/gzll_nrf52840_sd_resources_gcc.a(nrf_gzll.c.o)
                0x00000000000037b4                nrf_gzll_enable
 .text.nrf_gzll_add_packet_to_tx_fifo
                0x00000000000037d4       0xb4 ../../../../../../../../components/proprietary_rf/gzll/gcc/gzll_nrf52840_sd_resources_gcc.a(nrf_gzll.c.o)
                0x00000000000037d4                nrf_gzll_add_packet_to_tx_fifo
 .text.nrf_gzll_fetch_packet_from_rx_fifo
                0x0000000000003888       0x74 ../../../../../../../../components/proprietary_rf/gzll/gcc/gzll_nrf52840_sd_resources_gcc.a(nrf_gzll.c.o)
                0x0000000000003888                nrf_gzll_fetch_packet_from_rx_fifo
 .text.nrf_gzll_get_channel_table_size
                0x00000000000038fc        0xc ../../../../../../../../components/proprietary_rf/gzll/gcc/gzll_nrf52840_sd_resources_gcc.a(nrf_gzll.c.o)
                0x00000000000038fc                nrf_gzll_get_channel_table_size
 .text.nrf_gzll_reset_tx_statistics
                0x0000000000003908       0x64 ../../../../../../../../components/proprietary_rf/gzll/gcc/gzll_nrf52840_sd_resources_gcc.a(nrf_gzll.c.o)
                0x0000000000003908                nrf_gzll_reset_tx_statistics
 .text.nrf_gzll_tx_statistics_enable
                0x000000000000396c       0x74 ../../../../../../../../components/proprietary_rf/gzll/gcc/gzll_nrf52840_sd_resources_gcc.a(nrf_gzll.c.o)
                0x000000000000396c                nrf_gzll_tx_statistics_enable
 .text.nrf_gzll_get_error_code
                0x00000000000039e0        0xc ../../../../../../../../components/proprietary_rf/gzll/gcc/gzll_nrf52840_sd_resources_gcc.a(nrf_gzll.c.o)
                0x00000000000039e0                nrf_gzll_get_error_code
 .text.nrf_gzll_mode_changed
                0x00000000000039ec        0x4 ../../../../../../../../components/proprietary_rf/gzll/gcc/gzll_nrf52840_sd_resources_gcc.a(nrf_gzll.c.o)
                0x00000000000039ec                nrf_gzll_mode_changed
 .text.notification_cb
                0x00000000000039f0      0x1dc ../../../../../../../../components/proprietary_rf/gzll/gcc/gzll_nrf52840_sd_resources_gcc.a(nrf_gzll.c.o)
 .text.nrf_assert_internal_callback
                0x0000000000003bcc       0x14 ../../../../../../../../components/proprietary_rf/gzll/gcc/gzll_nrf52840_sd_resources_gcc.a(nrf_gzll.c.o)
                0x0000000000003bcc                nrf_assert_internal_callback
 .text.nrf_impl_device_ack_received
                0x0000000000003be0      0x19c ../../../../../../../../components/proprietary_rf/gzll/gcc/gzll_nrf52840_sd_resources_gcc.a(nrf_impala.c.o)
 .text.nrf_impl_async_state_rx_enabling
                0x0000000000003d7c       0xb0 ../../../../../../../../components/proprietary_rf/gzll/gcc/gzll_nrf52840_sd_resources_gcc.a(nrf_impala.c.o)
 .text.nrf_impl_async_state_packet_received
                0x0000000000003e2c      0x1c4 ../../../../../../../../components/proprietary_rf/gzll/gcc/gzll_nrf52840_sd_resources_gcc.a(nrf_impala.c.o)
 .text.nrf_impl_goto_disable.part.4
                0x0000000000003ff0       0x9c ../../../../../../../../components/proprietary_rf/gzll/gcc/gzll_nrf52840_sd_resources_gcc.a(nrf_impala.c.o)
 .text.nrf_impl_restore_all_hw_params
                0x000000000000408c      0x4e0 ../../../../../../../../components/proprietary_rf/gzll/gcc/gzll_nrf52840_sd_resources_gcc.a(nrf_impala.c.o)
 .text.nrf_impl_ptx_session_start.part.2
                0x000000000000456c       0xe0 ../../../../../../../../components/proprietary_rf/gzll/gcc/gzll_nrf52840_sd_resources_gcc.a(nrf_impala.c.o)
 .text.nrf_impl_async_state_tx_ack_complete
                0x000000000000464c       0xb4 ../../../../../../../../components/proprietary_rf/gzll/gcc/gzll_nrf52840_sd_resources_gcc.a(nrf_impala.c.o)
 .text.nrf_impl_pa_lna_cfg_set
                0x0000000000004700        0xc ../../../../../../../../components/proprietary_rf/gzll/gcc/gzll_nrf52840_sd_resources_gcc.a(nrf_impala.c.o)
                0x0000000000004700                nrf_impl_pa_lna_cfg_set
 .text.nrf_impl_enable
                0x000000000000470c       0xb4 ../../../../../../../../components/proprietary_rf/gzll/gcc/gzll_nrf52840_sd_resources_gcc.a(nrf_impala.c.o)
                0x000000000000470c                nrf_impl_enable
 .text.nrf_impl_disable
                0x00000000000047c0       0x7c ../../../../../../../../components/proprietary_rf/gzll/gcc/gzll_nrf52840_sd_resources_gcc.a(nrf_impala.c.o)
                0x00000000000047c0                nrf_impl_disable
 .text.nrf_impl_is_disabled
                0x000000000000483c       0x10 ../../../../../../../../components/proprietary_rf/gzll/gcc/gzll_nrf52840_sd_resources_gcc.a(nrf_impala.c.o)
                0x000000000000483c                nrf_impl_is_disabled
 .text.nrf_impl_mode_set
                0x000000000000484c      0x178 ../../../../../../../../components/proprietary_rf/gzll/gcc/gzll_nrf52840_sd_resources_gcc.a(nrf_impala.c.o)
                0x000000000000484c                nrf_impl_mode_set
 .text.nrf_impl_init
                0x00000000000049c4      0x148 ../../../../../../../../components/proprietary_rf/gzll/gcc/gzll_nrf52840_sd_resources_gcc.a(nrf_impala.c.o)
                0x00000000000049c4                nrf_impl_init
 .text.nrf_impl_packet_reserve
                0x0000000000004b0c       0x14 ../../../../../../../../components/proprietary_rf/gzll/gcc/gzll_nrf52840_sd_resources_gcc.a(nrf_impala.c.o)
                0x0000000000004b0c                nrf_impl_packet_reserve
 .text.nrf_impl_packet_free
                0x0000000000004b20       0x14 ../../../../../../../../components/proprietary_rf/gzll/gcc/gzll_nrf52840_sd_resources_gcc.a(nrf_impala.c.o)
                0x0000000000004b20                nrf_impl_packet_free
 .text.nrf_impl_tx_fifo_put
                0x0000000000004b34       0x8c ../../../../../../../../components/proprietary_rf/gzll/gcc/gzll_nrf52840_sd_resources_gcc.a(nrf_impala.c.o)
                0x0000000000004b34                nrf_impl_tx_fifo_put
 .text.nrf_impl_rx_fifo_pop
                0x0000000000004bc0       0x14 ../../../../../../../../components/proprietary_rf/gzll/gcc/gzll_nrf52840_sd_resources_gcc.a(nrf_impala.c.o)
                0x0000000000004bc0                nrf_impl_rx_fifo_pop
 .text.nrf_impl_rx_fifo_read
                0x0000000000004bd4        0x4 ../../../../../../../../components/proprietary_rf/gzll/gcc/gzll_nrf52840_sd_resources_gcc.a(nrf_impala.c.o)
                0x0000000000004bd4                nrf_impl_rx_fifo_read
 .text.nrf_impl_tx_fifo_packet_num_get
                0x0000000000004bd8        0x4 ../../../../../../../../components/proprietary_rf/gzll/gcc/gzll_nrf52840_sd_resources_gcc.a(nrf_impala.c.o)
                0x0000000000004bd8                nrf_impl_tx_fifo_packet_num_get
 .text.nrf_impl_rx_fifo_packet_num_get
                0x0000000000004bdc        0x4 ../../../../../../../../components/proprietary_rf/gzll/gcc/gzll_nrf52840_sd_resources_gcc.a(nrf_impala.c.o)
                0x0000000000004bdc                nrf_impl_rx_fifo_packet_num_get
 .text.nrf_impl_fifo_free_packet_num_get
                0x0000000000004be0        0x4 ../../../../../../../../components/proprietary_rf/gzll/gcc/gzll_nrf52840_sd_resources_gcc.a(nrf_impala.c.o)
                0x0000000000004be0                nrf_impl_fifo_free_packet_num_get
 .text.nrf_impl_channel_table_set
                0x0000000000004be4       0x38 ../../../../../../../../components/proprietary_rf/gzll/gcc/gzll_nrf52840_sd_resources_gcc.a(nrf_impala.c.o)
                0x0000000000004be4                nrf_impl_channel_table_set
 .text.nrf_impl_base_address_length_set
                0x0000000000004c1c       0x20 ../../../../../../../../components/proprietary_rf/gzll/gcc/gzll_nrf52840_sd_resources_gcc.a(nrf_impala.c.o)
                0x0000000000004c1c                nrf_impl_base_address_length_set
 .text.nrf_impl_tx_power_set
                0x0000000000004c3c       0x18 ../../../../../../../../components/proprietary_rf/gzll/gcc/gzll_nrf52840_sd_resources_gcc.a(nrf_impala.c.o)
                0x0000000000004c3c                nrf_impl_tx_power_set
 .text.nrf_impl_datarate_set
                0x0000000000004c54       0x20 ../../../../../../../../components/proprietary_rf/gzll/gcc/gzll_nrf52840_sd_resources_gcc.a(nrf_impala.c.o)
                0x0000000000004c54                nrf_impl_datarate_set
 .text.nrf_impl_rssi_state_set
                0x0000000000004c74       0x28 ../../../../../../../../components/proprietary_rf/gzll/gcc/gzll_nrf52840_sd_resources_gcc.a(nrf_impala.c.o)
                0x0000000000004c74                nrf_impl_rssi_state_set
 .text.nrf_impl_chan_select_policy_set
                0x0000000000004c9c        0xc ../../../../../../../../components/proprietary_rf/gzll/gcc/gzll_nrf52840_sd_resources_gcc.a(nrf_impala.c.o)
                0x0000000000004c9c                nrf_impl_chan_select_policy_set
 .text.nrf_impl_xosc_ctl_set
                0x0000000000004ca8        0xc ../../../../../../../../components/proprietary_rf/gzll/gcc/gzll_nrf52840_sd_resources_gcc.a(nrf_impala.c.o)
                0x0000000000004ca8                nrf_impl_xosc_ctl_set
 .text.nrf_impl_state_fun_timeslot_start
                0x0000000000004cb4      0x568 ../../../../../../../../components/proprietary_rf/gzll/gcc/gzll_nrf52840_sd_resources_gcc.a(nrf_impala.c.o)
                0x0000000000004cb4                nrf_impl_state_fun_timeslot_start
 .text.nrf_impl_state_fun_device_send_packet
                0x000000000000521c       0x64 ../../../../../../../../components/proprietary_rf/gzll/gcc/gzll_nrf52840_sd_resources_gcc.a(nrf_impala.c.o)
                0x000000000000521c                nrf_impl_state_fun_device_send_packet
 .text.nrf_lcore_device_pa_control_setup
                0x0000000000005280       0xc4 ../../../../../../../../components/proprietary_rf/gzll/gcc/gzll_nrf52840_sd_resources_gcc.a(nrf_link_core.c.o)
                0x0000000000005280                nrf_lcore_device_pa_control_setup
 .text.nrf_lcore_device_lna_timer_setup
                0x0000000000005344       0x3c ../../../../../../../../components/proprietary_rf/gzll/gcc/gzll_nrf52840_sd_resources_gcc.a(nrf_link_core.c.o)
                0x0000000000005344                nrf_lcore_device_lna_timer_setup
 .text.nrf_lcore_device_lna_output_clear
                0x0000000000005380       0x24 ../../../../../../../../components/proprietary_rf/gzll/gcc/gzll_nrf52840_sd_resources_gcc.a(nrf_link_core.c.o)
                0x0000000000005380                nrf_lcore_device_lna_output_clear
 .text.nrf_lcore_get_last_transaction_rf_channel
                0x00000000000053a4        0xc ../../../../../../../../components/proprietary_rf/gzll/gcc/gzll_nrf52840_sd_resources_gcc.a(nrf_link_core.c.o)
                0x00000000000053a4                nrf_lcore_get_last_transaction_rf_channel
 .text.nrf_lcore_init
                0x00000000000053b0      0x310 ../../../../../../../../components/proprietary_rf/gzll/gcc/gzll_nrf52840_sd_resources_gcc.a(nrf_link_core.c.o)
                0x00000000000053b0                nrf_lcore_init
 .text.nrf_lcore_operation_prepare
                0x00000000000056c0       0xd4 ../../../../../../../../components/proprietary_rf/gzll/gcc/gzll_nrf52840_sd_resources_gcc.a(nrf_link_core.c.o)
                0x00000000000056c0                nrf_lcore_operation_prepare
 .text.nrf_lcore_operation_start
                0x0000000000005794      0x17c ../../../../../../../../components/proprietary_rf/gzll/gcc/gzll_nrf52840_sd_resources_gcc.a(nrf_link_core.c.o)
                0x0000000000005794                nrf_lcore_operation_start
 .text.nrf_lcore_rx_address_match
                0x0000000000005910       0x18 ../../../../../../../../components/proprietary_rf/gzll/gcc/gzll_nrf52840_sd_resources_gcc.a(nrf_link_core.c.o)
                0x0000000000005910                nrf_lcore_rx_address_match
 .text.nrf_lcore_disable
                0x0000000000005928      0x1f0 ../../../../../../../../components/proprietary_rf/gzll/gcc/gzll_nrf52840_sd_resources_gcc.a(nrf_link_core.c.o)
                0x0000000000005928                nrf_lcore_disable
 .text.RADIO_IRQHandler
                0x0000000000005b18      0x900 ../../../../../../../../components/proprietary_rf/gzll/gcc/gzll_nrf52840_sd_resources_gcc.a(nrf_link_core.c.o)
                0x0000000000005b18                RADIO_IRQHandler
 .text.nrf_nm_init
                0x0000000000006418       0x38 ../../../../../../../../components/proprietary_rf/gzll/gcc/gzll_nrf52840_sd_resources_gcc.a(nrf_notification_manager.c.o)
                0x0000000000006418                nrf_nm_init
 .text.nrf_nm_add
                0x0000000000006450       0x78 ../../../../../../../../components/proprietary_rf/gzll/gcc/gzll_nrf52840_sd_resources_gcc.a(nrf_notification_manager.c.o)
                0x0000000000006450                nrf_nm_add
 .text.nrf_nm_notify_queue_space_get
                0x00000000000064c8       0x28 ../../../../../../../../components/proprietary_rf/gzll/gcc/gzll_nrf52840_sd_resources_gcc.a(nrf_notification_manager.c.o)
                0x00000000000064c8                nrf_nm_notify_queue_space_get
 .text.SWI1_EGU1_IRQHandler
                0x00000000000064f0       0x78 ../../../../../../../../components/proprietary_rf/gzll/gcc/gzll_nrf52840_sd_resources_gcc.a(nrf_notification_manager.c.o)
                0x00000000000064f0                SWI1_EGU1_IRQHandler
 .text.nrf_pm_init
                0x0000000000006568       0x58 ../../../../../../../../components/proprietary_rf/gzll/gcc/gzll_nrf52840_sd_resources_gcc.a(nrf_packet_manager.c.o)
                0x0000000000006568                nrf_pm_init
 .text.nrf_pm_ptx_fifo_not_empty
                0x00000000000065c0        0xc ../../../../../../../../components/proprietary_rf/gzll/gcc/gzll_nrf52840_sd_resources_gcc.a(nrf_packet_manager.c.o)
                0x00000000000065c0                nrf_pm_ptx_fifo_not_empty
 .text.nrf_pm_ptx_start
                0x00000000000065cc       0xbc ../../../../../../../../components/proprietary_rf/gzll/gcc/gzll_nrf52840_sd_resources_gcc.a(nrf_packet_manager.c.o)
                0x00000000000065cc                nrf_pm_ptx_start
 .text.nrf_pm_ptx_end
                0x0000000000006688      0x108 ../../../../../../../../components/proprietary_rf/gzll/gcc/gzll_nrf52840_sd_resources_gcc.a(nrf_packet_manager.c.o)
                0x0000000000006688                nrf_pm_ptx_end
 .text.nrf_pm_current_ptx_pipe_get
                0x0000000000006790        0xc ../../../../../../../../components/proprietary_rf/gzll/gcc/gzll_nrf52840_sd_resources_gcc.a(nrf_packet_manager.c.o)
                0x0000000000006790                nrf_pm_current_ptx_pipe_get
 .text.nrf_pm_current_ptx_packet_get
                0x000000000000679c        0xc ../../../../../../../../components/proprietary_rf/gzll/gcc/gzll_nrf52840_sd_resources_gcc.a(nrf_packet_manager.c.o)
                0x000000000000679c                nrf_pm_current_ptx_packet_get
 .text.nrf_pm_current_ptx_ack_ptr_get
                0x00000000000067a8        0xc ../../../../../../../../components/proprietary_rf/gzll/gcc/gzll_nrf52840_sd_resources_gcc.a(nrf_packet_manager.c.o)
                0x00000000000067a8                nrf_pm_current_ptx_ack_ptr_get
 .text.nrf_pm_prx_start
                0x00000000000067b4       0xdc ../../../../../../../../components/proprietary_rf/gzll/gcc/gzll_nrf52840_sd_resources_gcc.a(nrf_packet_manager.c.o)
                0x00000000000067b4                nrf_pm_prx_start
 .text.nrf_pm_prx_end
                0x0000000000006890      0x1b4 ../../../../../../../../components/proprietary_rf/gzll/gcc/gzll_nrf52840_sd_resources_gcc.a(nrf_packet_manager.c.o)
                0x0000000000006890                nrf_pm_prx_end
 .text.nrf_pm_state_get
                0x0000000000006a44        0xc ../../../../../../../../components/proprietary_rf/gzll/gcc/gzll_nrf52840_sd_resources_gcc.a(nrf_packet_manager.c.o)
                0x0000000000006a44                nrf_pm_state_get
 .text.nrf_pm_tx_fifo_put
                0x0000000000006a50       0x70 ../../../../../../../../components/proprietary_rf/gzll/gcc/gzll_nrf52840_sd_resources_gcc.a(nrf_packet_manager.c.o)
                0x0000000000006a50                nrf_pm_tx_fifo_put
 .text.nrf_pm_tx_fifo_packet_num_get
                0x0000000000006ac0        0x4 ../../../../../../../../components/proprietary_rf/gzll/gcc/gzll_nrf52840_sd_resources_gcc.a(nrf_packet_manager.c.o)
                0x0000000000006ac0                nrf_pm_tx_fifo_packet_num_get
 .text.nrf_pm_rx_fifo_read
                0x0000000000006ac4        0x8 ../../../../../../../../components/proprietary_rf/gzll/gcc/gzll_nrf52840_sd_resources_gcc.a(nrf_packet_manager.c.o)
                0x0000000000006ac4                nrf_pm_rx_fifo_read
 .text.nrf_pm_rx_fifo_pop
                0x0000000000006acc        0x8 ../../../../../../../../components/proprietary_rf/gzll/gcc/gzll_nrf52840_sd_resources_gcc.a(nrf_packet_manager.c.o)
                0x0000000000006acc                nrf_pm_rx_fifo_pop
 .text.nrf_pm_rx_fifo_packet_num_get
                0x0000000000006ad4        0x8 ../../../../../../../../components/proprietary_rf/gzll/gcc/gzll_nrf52840_sd_resources_gcc.a(nrf_packet_manager.c.o)
                0x0000000000006ad4                nrf_pm_rx_fifo_packet_num_get
 .text.nrf_pm_packet_reserve
                0x0000000000006adc        0x4 ../../../../../../../../components/proprietary_rf/gzll/gcc/gzll_nrf52840_sd_resources_gcc.a(nrf_packet_manager.c.o)
                0x0000000000006adc                nrf_pm_packet_reserve
 .text.nrf_pm_packet_free
                0x0000000000006ae0        0x4 ../../../../../../../../components/proprietary_rf/gzll/gcc/gzll_nrf52840_sd_resources_gcc.a(nrf_packet_manager.c.o)
                0x0000000000006ae0                nrf_pm_packet_free
 .text.nrf_pm_fifo_free_packet_num_get
                0x0000000000006ae4        0x4 ../../../../../../../../components/proprietary_rf/gzll/gcc/gzll_nrf52840_sd_resources_gcc.a(nrf_packet_manager.c.o)
                0x0000000000006ae4                nrf_pm_fifo_free_packet_num_get
 .text.nrf_pm_dyn_ack_status_set
                0x0000000000006ae8        0xc ../../../../../../../../components/proprietary_rf/gzll/gcc/gzll_nrf52840_sd_resources_gcc.a(nrf_packet_manager.c.o)
                0x0000000000006ae8                nrf_pm_dyn_ack_status_set
 .text.nrf_sm_init
                0x0000000000006af4       0x10 ../../../../../../../../components/proprietary_rf/gzll/gcc/gzll_nrf52840_sd_resources_gcc.a(nrf_state_machine.c.o)
                0x0000000000006af4                nrf_sm_init
 .text.nrf_sm_next_state_set
                0x0000000000006b04       0x1c ../../../../../../../../components/proprietary_rf/gzll/gcc/gzll_nrf52840_sd_resources_gcc.a(nrf_state_machine.c.o)
                0x0000000000006b04                nrf_sm_next_state_set
 .text.nrf_sm_current_state_get
                0x0000000000006b20        0xc ../../../../../../../../components/proprietary_rf/gzll/gcc/gzll_nrf52840_sd_resources_gcc.a(nrf_state_machine.c.o)
                0x0000000000006b20                nrf_sm_current_state_get
 .text.nrf_sm_next_state_get
                0x0000000000006b2c        0xc ../../../../../../../../components/proprietary_rf/gzll/gcc/gzll_nrf52840_sd_resources_gcc.a(nrf_state_machine.c.o)
                0x0000000000006b2c                nrf_sm_next_state_get
 .text.nrf_sm_execute
                0x0000000000006b38       0x1c ../../../../../../../../components/proprietary_rf/gzll/gcc/gzll_nrf52840_sd_resources_gcc.a(nrf_state_machine.c.o)
                0x0000000000006b38                nrf_sm_execute
 .text.nrf_assert_internal_parse_and_forward
                0x0000000000006b54        0x4 ../../../../../../../../components/proprietary_rf/gzll/gcc/gzll_nrf52840_sd_resources_gcc.a(nrf_assert_internal.c.o)
                0x0000000000006b54                nrf_assert_internal_parse_and_forward
 .text.nrf_chm_init
                0x0000000000006b58       0x28 ../../../../../../../../components/proprietary_rf/gzll/gcc/gzll_nrf52840_sd_resources_gcc.a(nrf_channel_manager.c.o)
                0x0000000000006b58                nrf_chm_init
 .text.nrf_chm_single_tick_execute
                0x0000000000006b80       0x30 ../../../../../../../../components/proprietary_rf/gzll/gcc/gzll_nrf52840_sd_resources_gcc.a(nrf_channel_manager.c.o)
                0x0000000000006b80                nrf_chm_single_tick_execute
 .text.nrf_chm_current_chan_get
                0x0000000000006bb0       0x2c ../../../../../../../../components/proprietary_rf/gzll/gcc/gzll_nrf52840_sd_resources_gcc.a(nrf_channel_manager.c.o)
                0x0000000000006bb0                nrf_chm_current_chan_get
 .text.nrf_chm_current_chan_index_set
                0x0000000000006bdc       0x28 ../../../../../../../../components/proprietary_rf/gzll/gcc/gzll_nrf52840_sd_resources_gcc.a(nrf_channel_manager.c.o)
                0x0000000000006bdc                nrf_chm_current_chan_index_set
 .text.nrf_chm_current_chan_index_get
                0x0000000000006c04        0xc ../../../../../../../../components/proprietary_rf/gzll/gcc/gzll_nrf52840_sd_resources_gcc.a(nrf_channel_manager.c.o)
                0x0000000000006c04                nrf_chm_current_chan_index_get
 .text.nrf_chm_current_timeslot_set
                0x0000000000006c10       0x28 ../../../../../../../../components/proprietary_rf/gzll/gcc/gzll_nrf52840_sd_resources_gcc.a(nrf_channel_manager.c.o)
                0x0000000000006c10                nrf_chm_current_timeslot_set
 .text.nrf_chm_current_timeslot_get
                0x0000000000006c38        0xc ../../../../../../../../components/proprietary_rf/gzll/gcc/gzll_nrf52840_sd_resources_gcc.a(nrf_channel_manager.c.o)
                0x0000000000006c38                nrf_chm_current_timeslot_get
 .text.nrf_fifo_init
                0x0000000000006c44       0xcc ../../../../../../../../components/proprietary_rf/gzll/gcc/gzll_nrf52840_sd_resources_gcc.a(nrf_fifo.c.o)
                0x0000000000006c44                nrf_fifo_init
 .text.nrf_fifo_packet_reserve
                0x0000000000006d10       0x8c ../../../../../../../../components/proprietary_rf/gzll/gcc/gzll_nrf52840_sd_resources_gcc.a(nrf_fifo.c.o)
                0x0000000000006d10                nrf_fifo_packet_reserve
 .text.nrf_fifo_packet_free
                0x0000000000006d9c       0xac ../../../../../../../../components/proprietary_rf/gzll/gcc/gzll_nrf52840_sd_resources_gcc.a(nrf_fifo.c.o)
                0x0000000000006d9c                nrf_fifo_packet_free
 .text.nrf_fifo_packet_put
                0x0000000000006e48       0xd4 ../../../../../../../../components/proprietary_rf/gzll/gcc/gzll_nrf52840_sd_resources_gcc.a(nrf_fifo.c.o)
                0x0000000000006e48                nrf_fifo_packet_put
 .text.nrf_fifo_packet_pop
                0x0000000000006f1c       0x58 ../../../../../../../../components/proprietary_rf/gzll/gcc/gzll_nrf52840_sd_resources_gcc.a(nrf_fifo.c.o)
                0x0000000000006f1c                nrf_fifo_packet_pop
 .text.nrf_fifo_packet_read
                0x0000000000006f74       0x3c ../../../../../../../../components/proprietary_rf/gzll/gcc/gzll_nrf52840_sd_resources_gcc.a(nrf_fifo.c.o)
                0x0000000000006f74                nrf_fifo_packet_read
 .text.nrf_fifo_packet_num_get
                0x0000000000006fb0       0x24 ../../../../../../../../components/proprietary_rf/gzll/gcc/gzll_nrf52840_sd_resources_gcc.a(nrf_fifo.c.o)
                0x0000000000006fb0                nrf_fifo_packet_num_get
 .text.nrf_fifo_free_packet_num_get
                0x0000000000006fd4        0xc ../../../../../../../../components/proprietary_rf/gzll/gcc/gzll_nrf52840_sd_resources_gcc.a(nrf_fifo.c.o)
                0x0000000000006fd4                nrf_fifo_free_packet_num_get
 .text.nrf_flw_init
                0x0000000000006fe0       0x70 ../../../../../../../../components/proprietary_rf/gzll/gcc/gzll_nrf52840_sd_resources_gcc.a(nrf_flywheel.c.o)
                0x0000000000006fe0                nrf_flw_init
 .text.nrf_flw_start
                0x0000000000007050       0x18 ../../../../../../../../components/proprietary_rf/gzll/gcc/gzll_nrf52840_sd_resources_gcc.a(nrf_flywheel.c.o)
                0x0000000000007050                nrf_flw_start
 .text.nrf_flw_stop
                0x0000000000007068       0x44 ../../../../../../../../components/proprietary_rf/gzll/gcc/gzll_nrf52840_sd_resources_gcc.a(nrf_flywheel.c.o)
                0x0000000000007068                nrf_flw_stop
 .text.nrf_flw_runstate_get
                0x00000000000070ac        0xc ../../../../../../../../components/proprietary_rf/gzll/gcc/gzll_nrf52840_sd_resources_gcc.a(nrf_flywheel.c.o)
                0x00000000000070ac                nrf_flw_runstate_get
 .text.nrf_flw_task_is_delayed
                0x00000000000070b8        0xc ../../../../../../../../components/proprietary_rf/gzll/gcc/gzll_nrf52840_sd_resources_gcc.a(nrf_flywheel.c.o)
                0x00000000000070b8                nrf_flw_task_is_delayed
 .text.nrf_flw_call_prepare
                0x00000000000070c4      0x140 ../../../../../../../../components/proprietary_rf/gzll/gcc/gzll_nrf52840_sd_resources_gcc.a(nrf_flywheel.c.o)
                0x00000000000070c4                nrf_flw_call_prepare
 .text.nrf_flw_capture_task_get
                0x0000000000007204        0x8 ../../../../../../../../components/proprietary_rf/gzll/gcc/gzll_nrf52840_sd_resources_gcc.a(nrf_flywheel.c.o)
                0x0000000000007204                nrf_flw_capture_task_get
 .text.nrf_flw_call_event_get
                0x000000000000720c        0x8 ../../../../../../../../components/proprietary_rf/gzll/gcc/gzll_nrf52840_sd_resources_gcc.a(nrf_flywheel.c.o)
                0x000000000000720c                nrf_flw_call_event_get
 .text.TIMER0_IRQHandler
                0x0000000000007214       0x70 ../../../../../../../../components/proprietary_rf/gzll/gcc/gzll_nrf52840_sd_resources_gcc.a(nrf_flywheel.c.o)
                0x0000000000007214                TIMER0_IRQHandler
 .text.libc.__int64_udivmod
                0x0000000000007284       0xce /home/chris/arm_segger_embedded_studio_v534a_linux_x64_nordic/lib/libc_v7em_fpv4_sp_d16_hard_t_le_eabi.a(libc_asm.o)
                0x0000000000007284                __int64_udivmod
                0x0000000000007284                __aeabi_uldivmod
                0x0000000000007284                __int64_udiv
                0x0000000000007284                __udivdi3
 *fill*         0x0000000000007352        0x2 
 .text.libc.__RAL_ascii_isctype
                0x0000000000007354       0x1c /home/chris/arm_segger_embedded_studio_v534a_linux_x64_nordic/lib/libc_v7em_fpv4_sp_d16_hard_t_le_eabi.a(libc2.o)
 .text.libc.__RAL_ascii_toupper
                0x0000000000007370        0xc /home/chris/arm_segger_embedded_studio_v534a_linux_x64_nordic/lib/libc_v7em_fpv4_sp_d16_hard_t_le_eabi.a(libc2.o)
 .text.libc.__RAL_ascii_tolower
                0x000000000000737c        0xc /home/chris/arm_segger_embedded_studio_v534a_linux_x64_nordic/lib/libc_v7em_fpv4_sp_d16_hard_t_le_eabi.a(libc2.o)
 .text.libc.__RAL_ascii_iswctype
                0x0000000000007388       0x1c /home/chris/arm_segger_embedded_studio_v534a_linux_x64_nordic/lib/libc_v7em_fpv4_sp_d16_hard_t_le_eabi.a(libc2.o)
 .text.libc.__RAL_ascii_towupper
                0x00000000000073a4        0xc /home/chris/arm_segger_embedded_studio_v534a_linux_x64_nordic/lib/libc_v7em_fpv4_sp_d16_hard_t_le_eabi.a(libc2.o)
 .text.libc.__RAL_ascii_towlower
                0x00000000000073b0        0xc /home/chris/arm_segger_embedded_studio_v534a_linux_x64_nordic/lib/libc_v7em_fpv4_sp_d16_hard_t_le_eabi.a(libc2.o)
 .text.libc.__RAL_ascii_wctomb
                0x00000000000073bc        0xe /home/chris/arm_segger_embedded_studio_v534a_linux_x64_nordic/lib/libc_v7em_fpv4_sp_d16_hard_t_le_eabi.a(libc2.o)
                0x00000000000073bc                __RAL_ascii_wctomb
 .text.libc.__RAL_ascii_mbtowc
                0x00000000000073ca       0x24 /home/chris/arm_segger_embedded_studio_v534a_linux_x64_nordic/lib/libc_v7em_fpv4_sp_d16_hard_t_le_eabi.a(libc2.o)
                0x00000000000073ca                __RAL_ascii_mbtowc
 *fill*         0x00000000000073ee        0x2 
 .text.libc.__RAL_isctype
                0x00000000000073f0       0x14 /home/chris/arm_segger_embedded_studio_v534a_linux_x64_nordic/lib/libc_v7em_fpv4_sp_d16_hard_t_le_eabi.a(libc2.o)
                0x00000000000073f0                __RAL_isctype
 .text.libc.isprint
                0x0000000000007404        0xa /home/chris/arm_segger_embedded_studio_v534a_linux_x64_nordic/lib/libc_v7em_fpv4_sp_d16_hard_t_le_eabi.a(libc2.o)
                0x0000000000007404                isprint
 .text.libc.memcpy
                0x000000000000740e       0x52 /home/chris/arm_segger_embedded_studio_v534a_linux_x64_nordic/lib/libc_v7em_fpv4_sp_d16_hard_t_le_eabi.a(libc2_asm.o)
                0x000000000000740e                memcpy
                0x000000000000740e                __aeabi_memcpy
                0x000000000000741a                __aeabi_memcpy4
                0x000000000000741a                __aeabi_memcpy8
 .text.libc.memset
                0x0000000000007460       0x66 /home/chris/arm_segger_embedded_studio_v534a_linux_x64_nordic/lib/libc_v7em_fpv4_sp_d16_hard_t_le_eabi.a(libc2_asm.o)
                0x0000000000007460                memset
 .text.libc.strlen
                0x00000000000074c6       0x60 /home/chris/arm_segger_embedded_studio_v534a_linux_x64_nordic/lib/libc_v7em_fpv4_sp_d16_hard_t_le_eabi.a(libc2_asm.o)
                0x00000000000074c6                strlen
                0x0000000000007526                __text_end__ = (__text_start__ + SIZEOF (.text))
                0x0000000000007156                __text_size__ = SIZEOF (.text)
                0x0000000000007526                __text_load_end__ = __text_end__

.vfp11_veneer   0x0000000100000000        0x0
 .vfp11_veneer  0x0000000100000000        0x0 linker stubs

.v4_bx          0x0000000100000000        0x0
 .v4_bx         0x0000000100000000        0x0 linker stubs

.iplt           0x0000000100000000        0x0
 .iplt          0x0000000100000000        0x0 Output/Release/Obj/gzll_ack_payload_host_pca10056/thumb_crt0.o
                0x0000000000000001                . = ASSERT (((__text_start__ == __text_end__) || ((__text_end__ - __FLASH_segment_start__) <= __FLASH_segment_size__)), error: .text is too large to fit in FLASH memory segment)
                0x0000000000007528                __log_const_data_load_start__ = ALIGN (__text_end__, 0x4)

.log_const_data
                0x0000000000007528       0x40
                0x0000000000007528                __log_const_data_start__ = .
                0x0000000000007528                __start_log_const_data = __log_const_data_start__
 *(SORT_BY_NAME(.log_const_data*))
 .log_const_data_GPIOTE
                0x0000000000007528        0x8 Output/Release/Obj/gzll_ack_payload_host_pca10056/nrfx_gpiote.o
                0x0000000000007528                m_nrf_log_GPIOTE_logs_data_const
 .log_const_data_PRS
                0x0000000000007530        0x8 Output/Release/Obj/gzll_ack_payload_host_pca10056/nrfx_prs.o
                0x0000000000007530                m_nrf_log_PRS_logs_data_const
 .log_const_data_UART
                0x0000000000007538        0x8 Output/Release/Obj/gzll_ack_payload_host_pca10056/nrfx_uart.o
                0x0000000000007538                m_nrf_log_UART_logs_data_const
 .log_const_data_UARTE
                0x0000000000007540        0x8 Output/Release/Obj/gzll_ack_payload_host_pca10056/nrfx_uarte.o
                0x0000000000007540                m_nrf_log_UARTE_logs_data_const
 .log_const_data_app
                0x0000000000007548        0x8 Output/Release/Obj/gzll_ack_payload_host_pca10056/nrf_log_frontend.o
                0x0000000000007548                m_nrf_log_app_logs_data_const
 .log_const_data_app_button
                0x0000000000007550        0x8 Output/Release/Obj/gzll_ack_payload_host_pca10056/app_button.o
                0x0000000000007550                m_nrf_log_app_button_logs_data_const
 .log_const_data_app_timer
                0x0000000000007558        0x8 Output/Release/Obj/gzll_ack_payload_host_pca10056/app_timer2.o
                0x0000000000007558                m_nrf_log_app_timer_logs_data_const
 .log_const_data_sortlist
                0x0000000000007560        0x8 Output/Release/Obj/gzll_ack_payload_host_pca10056/nrf_sortlist.o
                0x0000000000007560                m_nrf_log_sortlist_logs_data_const
                0x0000000000007568                __log_const_data_end__ = (__log_const_data_start__ + SIZEOF (.log_const_data))
                0x0000000000000040                __log_const_data_size__ = SIZEOF (.log_const_data)
                0x0000000000007568                __stop_log_const_data = __log_const_data_end__
                0x0000000000007568                __log_const_data_load_end__ = __log_const_data_end__
                0x0000000000000001                . = ASSERT (((__log_const_data_start__ == __log_const_data_end__) || ((__log_const_data_end__ - __FLASH_segment_start__) <= __FLASH_segment_size__)), error: .log_const_data is too large to fit in FLASH memory segment)
                0x0000000000007568                __log_backends_load_start__ = ALIGN (__log_const_data_end__, 0x4)

.log_backends   0x0000000000007568       0x10
                0x0000000000007568                __log_backends_start__ = .
                0x0000000000007568                __start_log_backends = __log_backends_start__
 *(SORT_BY_NAME(.log_backends*))
 .log_backends  0x0000000000007568       0x10 Output/Release/Obj/gzll_ack_payload_host_pca10056/nrf_log_default_backends.o
                0x0000000000007578                __log_backends_end__ = (__log_backends_start__ + SIZEOF (.log_backends))
                0x0000000000000010                __log_backends_size__ = SIZEOF (.log_backends)
                0x0000000000007578                __stop_log_backends = __log_backends_end__
                0x0000000000007578                __log_backends_load_end__ = __log_backends_end__
                0x0000000000000001                . = ASSERT (((__log_backends_start__ == __log_backends_end__) || ((__log_backends_end__ - __FLASH_segment_start__) <= __FLASH_segment_size__)), error: .log_backends is too large to fit in FLASH memory segment)
                0x0000000000007578                __nrf_balloc_load_start__ = ALIGN (__log_backends_end__, 0x4)

.nrf_balloc     0x0000000000007578       0x14
                0x0000000000007578                __nrf_balloc_start__ = .
                0x0000000000007578                __start_nrf_balloc = __nrf_balloc_start__
 *(.nrf_balloc*)
 .nrf_balloc    0x0000000000007578       0x14 Output/Release/Obj/gzll_ack_payload_host_pca10056/nrf_log_frontend.o
                0x0000000000007578                log_mempool
                0x000000000000758c                __nrf_balloc_end__ = (__nrf_balloc_start__ + SIZEOF (.nrf_balloc))
                0x0000000000000014                __nrf_balloc_size__ = SIZEOF (.nrf_balloc)
                0x000000000000758c                __stop_nrf_balloc = __nrf_balloc_end__
                0x000000000000758c                __nrf_balloc_load_end__ = __nrf_balloc_end__
                0x0000000000000001                . = ASSERT (((__nrf_balloc_start__ == __nrf_balloc_end__) || ((__nrf_balloc_end__ - __FLASH_segment_start__) <= __FLASH_segment_size__)), error: .nrf_balloc is too large to fit in FLASH memory segment)
                0x000000000000758c                __nrf_sections_load_start__ = ALIGN (__nrf_balloc_end__, 0x4)

.nrf_sections   0x000000000000758c        0x0
                0x000000000000758c                __nrf_sections_start__ = .
                0x000000000000758c                __start_nrf_sections = __nrf_sections_start__
 *(.nrf_sections .nrf_sections.*)
                0x000000000000758c                __nrf_sections_end__ = (__nrf_sections_start__ + SIZEOF (.nrf_sections))
                0x0000000000000000                __nrf_sections_size__ = SIZEOF (.nrf_sections)
                0x000000000000758c                __nrf_sections_load_end__ = __nrf_sections_end__
                0x0000000000000001                . = ASSERT (((__nrf_sections_start__ == __nrf_sections_end__) || ((__nrf_sections_end__ - __FLASH_segment_start__) <= __FLASH_segment_size__)), error: .nrf_sections is too large to fit in FLASH memory segment)
                0x000000000000758c                __log_dynamic_data_load_start__ = ALIGN (__nrf_sections_end__, 0x4)

.log_dynamic_data
                0x0000000020000000        0x0 load address 0x000000000000758c
                0x0000000020000000                __log_dynamic_data_start__ = .
 *(SORT_BY_NAME(.log_dynamic_data*))
                0x0000000020000000                __log_dynamic_data_end__ = (__log_dynamic_data_start__ + SIZEOF (.log_dynamic_data))
                0x0000000000000000                __log_dynamic_data_size__ = SIZEOF (.log_dynamic_data)
                0x000000000000758c                __log_dynamic_data_load_end__ = (__log_dynamic_data_load_start__ + SIZEOF (.log_dynamic_data))
                0x0000000000000001                . = ASSERT (((__log_dynamic_data_load_start__ == __log_dynamic_data_load_end__) || ((__log_dynamic_data_load_end__ - __FLASH_segment_start__) <= __FLASH_segment_size__)), error: .log_dynamic_data is too large to fit in FLASH memory segment)

.log_dynamic_data_run
                0x0000000020000000        0x0
                0x0000000020000000                __log_dynamic_data_run_start__ = .
                0x0000000020000000                __start_log_dynamic_data = __log_dynamic_data_run_start__
                0x0000000020000000                . = MAX ((__log_dynamic_data_run_start__ + SIZEOF (.log_dynamic_data)), .)
                0x0000000020000000                __log_dynamic_data_run_end__ = (__log_dynamic_data_run_start__ + SIZEOF (.log_dynamic_data_run))
                0x0000000000000000                __log_dynamic_data_run_size__ = SIZEOF (.log_dynamic_data_run)
                0x0000000020000000                __stop_log_dynamic_data = __log_dynamic_data_run_end__
                0x0000000020000000                __log_dynamic_data_run_load_end__ = __log_dynamic_data_run_end__
                0x0000000000000001                . = ASSERT (((__log_dynamic_data_run_start__ == __log_dynamic_data_run_end__) || ((__log_dynamic_data_run_end__ - __RAM1_segment_start__) <= __RAM1_segment_size__)), error: .log_dynamic_data_run is too large to fit in RAM1 memory segment)
                0x000000000000758c                __log_filter_data_load_start__ = ALIGN ((__log_dynamic_data_load_start__ + SIZEOF (.log_dynamic_data)), 0x4)

.log_filter_data
                0x0000000020000000        0x0 load address 0x000000000000758c
                0x0000000020000000                __log_filter_data_start__ = .
 *(SORT_BY_NAME(.log_filter_data*))
                0x0000000020000000                __log_filter_data_end__ = (__log_filter_data_start__ + SIZEOF (.log_filter_data))
                0x0000000000000000                __log_filter_data_size__ = SIZEOF (.log_filter_data)
                0x000000000000758c                __log_filter_data_load_end__ = (__log_filter_data_load_start__ + SIZEOF (.log_filter_data))
                0x0000000000000001                . = ASSERT (((__log_filter_data_load_start__ == __log_filter_data_load_end__) || ((__log_filter_data_load_end__ - __FLASH_segment_start__) <= __FLASH_segment_size__)), error: .log_filter_data is too large to fit in FLASH memory segment)

.log_filter_data_run
                0x0000000020000000        0x0
                0x0000000020000000                __log_filter_data_run_start__ = .
                0x0000000020000000                __start_log_filter_data = __log_filter_data_run_start__
                0x0000000020000000                . = MAX ((__log_filter_data_run_start__ + SIZEOF (.log_filter_data)), .)
                0x0000000020000000                __log_filter_data_run_end__ = (__log_filter_data_run_start__ + SIZEOF (.log_filter_data_run))
                0x0000000000000000                __log_filter_data_run_size__ = SIZEOF (.log_filter_data_run)
                0x0000000020000000                __stop_log_filter_data = __log_filter_data_run_end__
                0x0000000020000000                __log_filter_data_run_load_end__ = __log_filter_data_run_end__
                0x0000000000000001                . = ASSERT (((__log_filter_data_run_start__ == __log_filter_data_run_end__) || ((__log_filter_data_run_end__ - __RAM1_segment_start__) <= __RAM1_segment_size__)), error: .log_filter_data_run is too large to fit in RAM1 memory segment)
                0x0000000020000000                __nrf_sections_run_end_load_start__ = ALIGN (__log_filter_data_run_end__, 0x4)

.nrf_sections_run_end
                0x0000000020000000        0x0
                0x0000000020000000                __nrf_sections_run_end_start__ = .
                0x0000000020000000                __end_nrf_sections_run = __nrf_sections_run_end_start__
 *(.nrf_sections_run_end .nrf_sections_run_end.*)
                0x0000000020000000                __nrf_sections_run_end_end__ = (__nrf_sections_run_end_start__ + SIZEOF (.nrf_sections_run_end))
                0x0000000000000000                __nrf_sections_run_end_size__ = SIZEOF (.nrf_sections_run_end)
                0x0000000020000000                __nrf_sections_run_end_load_end__ = __nrf_sections_run_end_end__
                0x0000000000000001                . = ASSERT (((__nrf_sections_run_end_start__ == __nrf_sections_run_end_end__) || ((__nrf_sections_run_end_end__ - __RAM1_segment_start__) <= __RAM1_segment_size__)), error: .nrf_sections_run_end is too large to fit in RAM1 memory segment)
                0x000000000000758c                __dtors_load_start__ = ALIGN ((__log_filter_data_load_start__ + SIZEOF (.log_filter_data)), 0x4)

.dtors          0x000000000000758c        0x0
                0x000000000000758c                __dtors_start__ = .
 *(SORT_BY_NAME(.dtors.*))
 *(.dtors)
 *(.fini_array)
 *(SORT_BY_NAME(.fini_array.*))
                0x000000000000758c                __dtors_end__ = (__dtors_start__ + SIZEOF (.dtors))
                0x0000000000000000                __dtors_size__ = SIZEOF (.dtors)
                0x000000000000758c                __dtors_load_end__ = __dtors_end__
                0x0000000000000001                . = ASSERT (((__dtors_start__ == __dtors_end__) || ((__dtors_end__ - __FLASH_segment_start__) <= __FLASH_segment_size__)), error: .dtors is too large to fit in FLASH memory segment)
                0x000000000000758c                __ctors_load_start__ = ALIGN (__dtors_end__, 0x4)

.ctors          0x000000000000758c        0x0
                0x000000000000758c                __ctors_start__ = .
 *(SORT_BY_NAME(.ctors.*))
 *(.ctors)
 *(.init_array)
 *(SORT_BY_NAME(.init_array.*))
                0x000000000000758c                __ctors_end__ = (__ctors_start__ + SIZEOF (.ctors))
                0x0000000000000000                __ctors_size__ = SIZEOF (.ctors)
                0x000000000000758c                __ctors_load_end__ = __ctors_end__
                0x0000000000000001                . = ASSERT (((__ctors_start__ == __ctors_end__) || ((__ctors_end__ - __FLASH_segment_start__) <= __FLASH_segment_size__)), error: .ctors is too large to fit in FLASH memory segment)
                0x000000000000758c                __rodata_load_start__ = ALIGN (__ctors_end__, 0x4)

.rodata         0x000000000000758c      0x55e
                0x000000000000758c                __rodata_start__ = .
 *(.rodata .rodata.* .gnu.linkonce.r.*)
 .rodata        0x000000000000758c       0x20 Output/Release/Obj/gzll_ack_payload_host_pca10056/nrf_log_backend_uart.o
 .rodata.nrf_log_backend_uart_api
                0x00000000000075ac        0xc Output/Release/Obj/gzll_ack_payload_host_pca10056/nrf_log_backend_uart.o
                0x00000000000075ac                nrf_log_backend_uart_api
 .rodata.str1.1
                0x00000000000075b8       0x11 Output/Release/Obj/gzll_ack_payload_host_pca10056/nrf_log_default_backends.o
 .rodata.nrf_log_frontend_dequeue.str1.1
                0x00000000000075c9       0x11 Output/Release/Obj/gzll_ack_payload_host_pca10056/nrf_log_frontend.o
 .rodata.str1.1
                0x00000000000075da        0x4 Output/Release/Obj/gzll_ack_payload_host_pca10056/nrf_log_frontend.o
 *fill*         0x00000000000075de        0x2 
 .rodata.m_log_push_ringbuf
                0x00000000000075e0        0xc Output/Release/Obj/gzll_ack_payload_host_pca10056/nrf_log_frontend.o
 .rodata.prefix_process.str1.1
                0x00000000000075ec       0x32 Output/Release/Obj/gzll_ack_payload_host_pca10056/nrf_log_str_formatter.o
 .rodata.postfix_process.str1.1
                0x000000000000761e       0x32 Output/Release/Obj/gzll_ack_payload_host_pca10056/nrf_log_str_formatter.o
                                          0x3 (size before relaxing)
 .rodata.nrf_log_hexdump_entry_process.str1.1
                0x000000000000761e        0xf Output/Release/Obj/gzll_ack_payload_host_pca10056/nrf_log_str_formatter.o
                                         0x11 (size before relaxing)
 .rodata.str1.1
                0x000000000000762d       0x4b Output/Release/Obj/gzll_ack_payload_host_pca10056/nrf_log_str_formatter.o
                                         0x51 (size before relaxing)
 .rodata.m_colors
                0x0000000000007678       0x24 Output/Release/Obj/gzll_ack_payload_host_pca10056/nrf_log_str_formatter.o
 .rodata.severity_names
                0x000000000000769c       0x14 Output/Release/Obj/gzll_ack_payload_host_pca10056/nrf_log_str_formatter.o
 .rodata.m_board_btn_list
                0x00000000000076b0        0x4 Output/Release/Obj/gzll_ack_payload_host_pca10056/boards.o
 .rodata.m_board_led_list
                0x00000000000076b4        0x4 Output/Release/Obj/gzll_ack_payload_host_pca10056/boards.o
 .rodata.str1.1
                0x00000000000076b8        0xb Output/Release/Obj/gzll_ack_payload_host_pca10056/app_button.o
 *fill*         0x00000000000076c3        0x1 
 .rodata.m_detection_delay_timer_id
                0x00000000000076c4        0x4 Output/Release/Obj/gzll_ack_payload_host_pca10056/app_button.o
 .rodata.app_error_fault_handler.str1.1
                0x00000000000076c8       0x19 Output/Release/Obj/gzll_ack_payload_host_pca10056/app_error_weak.o
 .rodata.str1.1
                0x00000000000076e1        0xa Output/Release/Obj/gzll_ack_payload_host_pca10056/app_timer2.o
 *fill*         0x00000000000076eb        0x1 
 .rodata        0x00000000000076ec        0x4 Output/Release/Obj/gzll_ack_payload_host_pca10056/app_timer2.o
 .rodata.m_app_timer_sortlist
                0x00000000000076f0        0xc Output/Release/Obj/gzll_ack_payload_host_pca10056/app_timer2.o
 .rodata.drv_rtc_init.str1.1
                0x00000000000076fc       0x34 Output/Release/Obj/gzll_ack_payload_host_pca10056/drv_rtc.o
 .rodata.delay_machine_code.0
                0x0000000000007730        0x6 Output/Release/Obj/gzll_ack_payload_host_pca10056/drv_rtc.o
 .rodata._aV2C.0
                0x0000000000007736       0x10 Output/Release/Obj/gzll_ack_payload_host_pca10056/nrf_fprintf_format.o
 .rodata.str1.1
                0x0000000000007746        0x9 Output/Release/Obj/gzll_ack_payload_host_pca10056/nrf_sortlist.o
 .rodata.str1.1
                0x000000000000774f        0x7 Output/Release/Obj/gzll_ack_payload_host_pca10056/nrfx_gpiote.o
 .rodata.str1.1
                0x0000000000007756        0x4 Output/Release/Obj/gzll_ack_payload_host_pca10056/nrfx_prs.o
 .rodata.str1.1
                0x000000000000775a        0x5 Output/Release/Obj/gzll_ack_payload_host_pca10056/nrfx_uart.o
 .rodata.str1.1
                0x000000000000775f        0x6 Output/Release/Obj/gzll_ack_payload_host_pca10056/nrfx_uarte.o
 *fill*         0x0000000000007765        0x3 
 .rodata.app_buttons
                0x0000000000007768       0x20 Output/Release/Obj/gzll_ack_payload_host_pca10056/bsp.o
 .rodata.m_bsp_alert_tmr
                0x0000000000007788        0x4 Output/Release/Obj/gzll_ack_payload_host_pca10056/bsp.o
 .rodata.m_bsp_button_tmr
                0x000000000000778c        0x4 Output/Release/Obj/gzll_ack_payload_host_pca10056/bsp.o
 .rodata.m_bsp_leds_tmr
                0x0000000000007790        0x4 Output/Release/Obj/gzll_ack_payload_host_pca10056/bsp.o
 .rodata.nrf_gzll_host_rx_data_ready.str1.1
                0x0000000000007794       0x1e Output/Release/Obj/gzll_ack_payload_host_pca10056/main.o
 .rodata.main.str1.1
                0x00000000000077b2       0xc3 Output/Release/Obj/gzll_ack_payload_host_pca10056/main.o
                                         0xc6 (size before relaxing)
 .rodata.CSWTCH.6
                0x0000000000007875        0x4 Output/Release/Obj/gzll_ack_payload_host_pca10056/system_nrf52840.o
 *fill*         0x0000000000007879        0x3 
 .rodata.m_lcore_operation_params
                0x000000000000787c       0x30 ../../../../../../../../components/proprietary_rf/gzll/gcc/gzll_nrf52840_sd_resources_gcc.a(nrf_link_core.c.o)
 .rodata.libc.__RAL_find_locale.str1.4
                0x00000000000078ac        0xa /home/chris/arm_segger_embedded_studio_v534a_linux_x64_nordic/lib/libc_v7em_fpv4_sp_d16_hard_t_le_eabi.a(libc2.o)
 *fill*         0x00000000000078b6        0x2 
 .rodata.libc.__RAL_ascii_ctype_map
                0x00000000000078b8       0x80 /home/chris/arm_segger_embedded_studio_v534a_linux_x64_nordic/lib/libc_v7em_fpv4_sp_d16_hard_t_le_eabi.a(libc2.o)
                0x00000000000078b8                __RAL_ascii_ctype_map
 .rodata.libc.__RAL_ascii_ctype_mask
                0x0000000000007938        0xd /home/chris/arm_segger_embedded_studio_v534a_linux_x64_nordic/lib/libc_v7em_fpv4_sp_d16_hard_t_le_eabi.a(libc2.o)
 *fill*         0x0000000000007945        0x3 
 .rodata.libc.__RAL_c_locale
                0x0000000000007948        0xc /home/chris/arm_segger_embedded_studio_v534a_linux_x64_nordic/lib/libc_v7em_fpv4_sp_d16_hard_t_le_eabi.a(libc2.o)
                0x0000000000007948                __RAL_c_locale
 .rodata.libc.__RAL_c_locale_abbrev_day_names
                0x0000000000007954       0x1d /home/chris/arm_segger_embedded_studio_v534a_linux_x64_nordic/lib/libc_v7em_fpv4_sp_d16_hard_t_le_eabi.a(libc2.o)
                0x0000000000007954                __RAL_c_locale_abbrev_day_names
 *fill*         0x0000000000007971        0x3 
 .rodata.libc.__RAL_c_locale_abbrev_month_names
                0x0000000000007974       0x31 /home/chris/arm_segger_embedded_studio_v534a_linux_x64_nordic/lib/libc_v7em_fpv4_sp_d16_hard_t_le_eabi.a(libc2.o)
                0x0000000000007974                __RAL_c_locale_abbrev_month_names
 *fill*         0x00000000000079a5        0x3 
 .rodata.libc.__RAL_c_locale_am_pm_indicator
                0x00000000000079a8        0x7 /home/chris/arm_segger_embedded_studio_v534a_linux_x64_nordic/lib/libc_v7em_fpv4_sp_d16_hard_t_le_eabi.a(libc2.o)
                0x00000000000079a8                __RAL_c_locale_am_pm_indicator
 *fill*         0x00000000000079af        0x1 
 .rodata.libc.__RAL_c_locale_data
                0x00000000000079b0       0x58 /home/chris/arm_segger_embedded_studio_v534a_linux_x64_nordic/lib/libc_v7em_fpv4_sp_d16_hard_t_le_eabi.a(libc2.o)
                0x00000000000079b0                __RAL_c_locale_data
 .rodata.libc.__RAL_c_locale_date_format
                0x0000000000007a08        0x9 /home/chris/arm_segger_embedded_studio_v534a_linux_x64_nordic/lib/libc_v7em_fpv4_sp_d16_hard_t_le_eabi.a(libc2.o)
                0x0000000000007a08                __RAL_c_locale_date_format
 *fill*         0x0000000000007a11        0x3 
 .rodata.libc.__RAL_c_locale_date_time_format
                0x0000000000007a14        0xf /home/chris/arm_segger_embedded_studio_v534a_linux_x64_nordic/lib/libc_v7em_fpv4_sp_d16_hard_t_le_eabi.a(libc2.o)
                0x0000000000007a14                __RAL_c_locale_date_time_format
 *fill*         0x0000000000007a23        0x1 
 .rodata.libc.__RAL_c_locale_day_names
                0x0000000000007a24       0x3a /home/chris/arm_segger_embedded_studio_v534a_linux_x64_nordic/lib/libc_v7em_fpv4_sp_d16_hard_t_le_eabi.a(libc2.o)
                0x0000000000007a24                __RAL_c_locale_day_names
 *fill*         0x0000000000007a5e        0x2 
 .rodata.libc.__RAL_c_locale_month_names
                0x0000000000007a60       0x57 /home/chris/arm_segger_embedded_studio_v534a_linux_x64_nordic/lib/libc_v7em_fpv4_sp_d16_hard_t_le_eabi.a(libc2.o)
                0x0000000000007a60                __RAL_c_locale_month_names
 *fill*         0x0000000000007ab7        0x1 
 .rodata.libc.__RAL_c_locale_time_format
                0x0000000000007ab8        0x9 /home/chris/arm_segger_embedded_studio_v534a_linux_x64_nordic/lib/libc_v7em_fpv4_sp_d16_hard_t_le_eabi.a(libc2.o)
                0x0000000000007ab8                __RAL_c_locale_time_format
 *fill*         0x0000000000007ac1        0x3 
 .rodata.libc.__RAL_codeset_ascii
                0x0000000000007ac4       0x20 /home/chris/arm_segger_embedded_studio_v534a_linux_x64_nordic/lib/libc_v7em_fpv4_sp_d16_hard_t_le_eabi.a(libc2.o)
                0x0000000000007ac4                __RAL_codeset_ascii
 .rodata.libc.__RAL_data_empty_string
                0x0000000000007ae4        0x1 /home/chris/arm_segger_embedded_studio_v534a_linux_x64_nordic/lib/libc_v7em_fpv4_sp_d16_hard_t_le_eabi.a(libc2.o)
                0x0000000000007ae4                __RAL_data_empty_string
 *fill*         0x0000000000007ae5        0x3 
 .rodata.libc.__RAL_data_utf8_period
                0x0000000000007ae8        0x2 /home/chris/arm_segger_embedded_studio_v534a_linux_x64_nordic/lib/libc_v7em_fpv4_sp_d16_hard_t_le_eabi.a(libc2.o)
                0x0000000000007ae8                __RAL_data_utf8_period
                0x0000000000007aea                __rodata_end__ = (__rodata_start__ + SIZEOF (.rodata))
                0x000000000000055e                __rodata_size__ = SIZEOF (.rodata)
                0x0000000000007aea                __rodata_load_end__ = __rodata_end__

.rel.dyn        0x0000000000007aec        0x0